Archive member included to satisfy reference by file (symbol)

.pio/build/bluepill_f103c8/lib4ce/libRadioLib.a(Module.cpp.o)
                              .pio/build/bluepill_f103c8/src/main.cpp.o (Module::Module(unsigned long, unsigned long, unsigned long, unsigned long))
.pio/build/bluepill_f103c8/lib4ce/libRadioLib.a(ArduinoHal.cpp.o)
                              .pio/build/bluepill_f103c8/lib4ce/libRadioLib.a(Module.cpp.o) (ArduinoHal::ArduinoHal())
.pio/build/bluepill_f103c8/lib4ce/libRadioLib.a(SX1262.cpp.o)
                              .pio/build/bluepill_f103c8/src/main.cpp.o (SX1262::begin(float, float, unsigned char, unsigned char, unsigned char, signed char, unsigned short, float, bool))
.pio/build/bluepill_f103c8/lib4ce/libRadioLib.a(SX126x.cpp.o)
                              .pio/build/bluepill_f103c8/lib4ce/libRadioLib.a(SX1262.cpp.o) (SX126x::scanChannel())
.pio/build/bluepill_f103c8/lib4ce/libRadioLib.a(SX126x_LR_FHSS.cpp.o)
                              .pio/build/bluepill_f103c8/lib4ce/libRadioLib.a(SX126x.cpp.o) (SX126x::buildLRFHSSPacket(unsigned char const*, unsigned int, unsigned char*, unsigned int*, unsigned int*, unsigned int*))
.pio/build/bluepill_f103c8/lib4ce/libRadioLib.a(SX126x_commands.cpp.o)
                              .pio/build/bluepill_f103c8/lib4ce/libRadioLib.a(SX1262.cpp.o) (SX126x::sleep())
.pio/build/bluepill_f103c8/lib4ce/libRadioLib.a(SX126x_config.cpp.o)
                              .pio/build/bluepill_f103c8/lib4ce/libRadioLib.a(SX1262.cpp.o) (SX126x::setDio1Action(void (*)()))
.pio/build/bluepill_f103c8/lib4ce/libRadioLib.a(PhysicalLayer.cpp.o)
                              .pio/build/bluepill_f103c8/lib4ce/libRadioLib.a(SX126x.cpp.o) (PhysicalLayer::setModem(ModemType_t))
.pio/build/bluepill_f103c8/lib4ce/libRadioLib.a(CRC.cpp.o)
                              .pio/build/bluepill_f103c8/lib4ce/libRadioLib.a(SX126x_LR_FHSS.cpp.o) (RadioLibCRC::checksum(unsigned char const*, unsigned int))
.pio/build/bluepill_f103c8/lib4ce/libRadioLib.a(ConvCode.cpp.o)
                              .pio/build/bluepill_f103c8/lib4ce/libRadioLib.a(SX126x_LR_FHSS.cpp.o) (RadioLibConvCode::RadioLibConvCode())
.pio/build/bluepill_f103c8/lib4ce/libRadioLib.a(Utils.cpp.o)
                              .pio/build/bluepill_f103c8/lib4ce/libRadioLib.a(PhysicalLayer.cpp.o) (rlb_reflect(unsigned long, unsigned char))
.pio/build/bluepill_f103c8/lib4ce/libRadioLib.a(Hal.cpp.o)
                              .pio/build/bluepill_f103c8/lib4ce/libRadioLib.a(ArduinoHal.cpp.o) (RadioLibHal::pullUpDown(unsigned long, bool, bool))
.pio/build/bluepill_f103c8/libFrameworkArduino.a(HardwareSerial.cpp.o)
                              .pio/build/bluepill_f103c8/src/main.cpp.o (Serial1)
.pio/build/bluepill_f103c8/libFrameworkArduino.a(Print.cpp.o)
                              .pio/build/bluepill_f103c8/src/main.cpp.o (Print::print(char const*))
.pio/build/bluepill_f103c8/libFrameworkArduino.a(Stream.cpp.o)
                              .pio/build/bluepill_f103c8/libFrameworkArduino.a(HardwareSerial.cpp.o) (Stream::readBytes(char*, unsigned int))
.pio/build/bluepill_f103c8/libFrameworkArduino.a(Tone.cpp.o)
                              .pio/build/bluepill_f103c8/lib4ce/libRadioLib.a(ArduinoHal.cpp.o) (tone(unsigned char, unsigned int, unsigned long))
.pio/build/bluepill_f103c8/libFrameworkArduino.a(WInterrupts.cpp.o)
                              .pio/build/bluepill_f103c8/lib4ce/libRadioLib.a(ArduinoHal.cpp.o) (detachInterrupt(unsigned long))
.pio/build/bluepill_f103c8/libFrameworkArduino.a(WMath.cpp.o)
                              .pio/build/bluepill_f103c8/src/main.cpp.o (randomSeed(unsigned long))
.pio/build/bluepill_f103c8/libFrameworkArduino.a(WString.cpp.o)
                              .pio/build/bluepill_f103c8/lib4ce/libRadioLib.a(PhysicalLayer.cpp.o) (String::~String())
.pio/build/bluepill_f103c8/libFrameworkArduino.a(dtostrf.c.o)
                              .pio/build/bluepill_f103c8/libFrameworkArduino.a(WString.cpp.o) (dtostrf)
.pio/build/bluepill_f103c8/libFrameworkArduino.a(hooks.c.o)
                              .pio/build/bluepill_f103c8/lib4ce/libRadioLib.a(ArduinoHal.cpp.o) (yield)
.pio/build/bluepill_f103c8/libFrameworkArduino.a(itoa.c.o)
                              .pio/build/bluepill_f103c8/libFrameworkArduino.a(WString.cpp.o) (ltoa)
.pio/build/bluepill_f103c8/libFrameworkArduino.a(main.cpp.o)
                              c:/users/admin/.platformio/packages/toolchain-gccarmnoneeabi/bin/../lib/gcc/arm-none-eabi/12.3.1/../../../../arm-none-eabi/lib/thumb/v7-m/nofp/crt0.o (main)
.pio/build/bluepill_f103c8/libFrameworkArduino.a(pins_arduino.c.o)
                              .pio/build/bluepill_f103c8/SrcWrapper/src/HardwareTimer.cpp.o (pinNametoDigitalPin)
.pio/build/bluepill_f103c8/libFrameworkArduino.a(startup_stm32yyxx.S.o)
                              (Reset_Handler)
.pio/build/bluepill_f103c8/libFrameworkArduino.a(wiring_digital.c.o)
[...]
Memory Configuration

Name             Origin             Length             Attributes
*default*        0x00000000         0xffffffff
RAM              0x20000000         0x00005000         xrw
FLASH            0x08000000         0x00010000         xr

Linker script and memory map

                0x20005000                        _estack = (ORIGIN (RAM) + LENGTH (RAM))
                0x00000200                        _Min_Heap_Size = 0x200
                0x00000400                        _Min_Stack_Size = 0x400

.isr_vector     0x08000000      0x10c
                0x08000000                        . = ALIGN (0x4)
 *(.isr_vector)
 .isr_vector    0x08000000      0x10c .pio/build/bluepill_f103c8/libFrameworkArduino.a(startup_stm32yyxx.S.o)
                0x08000000                g_pfnVectors
                0x0800010c                        . = ALIGN (0x4)

.text           0x0800010c     0xa9b4
                0x0800010c                        . = ALIGN (0x4)
 *(.text)
 .text          0x0800010c      0x378 c:/users/admin/.platformio/packages/toolchain-gccarmnoneeabi/bin/../lib/gcc/arm-none-eabi/12.3.1/thumb/v7-m/nofp\libgcc.a(_arm_addsubdf3.o)
                0x0800010c                __aeabi_drsub
                0x08000114                __aeabi_dsub
                0x08000114                __subdf3
                0x08000118                __aeabi_dadd
                0x08000118                __adddf3
                0x08000390                __floatunsidf
                0x08000390                __aeabi_ui2d
                0x080003b0                __floatsidf
                0x080003b0                __aeabi_i2d
                0x080003d4                __aeabi_f2d
                0x080003d4                __extendsfdf2
                0x08000418                __floatundidf
                0x08000418                __aeabi_ul2d
                0x08000428                __floatdidf
                0x08000428                __aeabi_l2d
 .text          0x08000484      0x424 c:/users/admin/.platformio/packages/toolchain-gccarmnoneeabi/bin/../lib/gcc/arm-none-eabi/12.3.1/thumb/v7-m/nofp\libgcc.a(_arm_muldivdf3.o)
                0x08000484                __aeabi_dmul
                0x08000484                __muldf3
                0x080006d8                __divdf3
                0x080006d8                __aeabi_ddiv
 .text          0x080008a8       0xa0 c:/users/admin/.platformio/packages/toolchain-gccarmnoneeabi/bin/../lib/gcc/arm-none-eabi/12.3.1/thumb/v7-m/nofp\libgcc.a(_arm_truncdfsf2.o)
                0x080008a8                __truncdfsf2
                0x080008a8                __aeabi_d2f
 .text          0x08000948      0x21c c:/users/admin/.platformio/packages/toolchain-gccarmnoneeabi/bin/../lib/gcc/arm-none-eabi/12.3.1/thumb/v7-m/nofp\libgcc.a(_arm_addsubsf3.o)
                0x08000948                __aeabi_frsub
                0x08000950                __subsf3
                0x08000950                __aeabi_fsub
                0x08000954                __aeabi_fadd
                0x08000954                __addsf3
                0x08000ab4                __aeabi_ui2f
                0x08000ab4                __floatunsisf
                0x08000abc                __aeabi_i2f
                0x08000abc                __floatsisf
                0x08000ad8                __aeabi_ul2f
                0x08000ad8                __floatundisf
                0x08000ae8                __aeabi_l2f
                0x08000ae8                __floatdisf
 .text          0x08000b64      0x2a0 c:/users/admin/.platformio/packages/toolchain-gccarmnoneeabi/bin/../lib/gcc/arm-none-eabi/12.3.1/thumb/v7-m/nofp\libgcc.a(_arm_muldivsf3.o)
                0x08000b64                __mulsf3
                0x08000b64                __aeabi_fmul
                0x08000ccc                __aeabi_fdiv
                0x08000ccc                __divsf3
 .text          0x08000e04       0xec c:/users/admin/.platformio/packages/toolchain-gccarmnoneeabi/bin/../lib/gcc/arm-none-eabi/12.3.1/thumb/v7-m/nofp\libgcc.a(_arm_cmpsf2.o)
                0x08000e04                __gesf2
                0x08000e04                __gtsf2
                0x08000e0c                __lesf2
                0x08000e0c                __ltsf2
                0x08000e14                __nesf2
                0x08000e14                __eqsf2
                0x08000e14                __cmpsf2
                0x08000e74                __aeabi_cfrcmple
                0x08000e7c                __aeabi_cfcmpeq
                0x08000e7c                __aeabi_cfcmple
                0x08000e8c                __aeabi_fcmpeq
                0x08000ea0                __aeabi_fcmplt
                0x08000eb4                __aeabi_fcmple
                0x08000ec8                __aeabi_fcmpge
                0x08000edc                __aeabi_fcmpgt
 .text          0x08000ef0       0x2c c:/users/admin/.platformio/packages/toolchain-gccarmnoneeabi/bin/../lib/gcc/arm-none-eabi/12.3.1/thumb/v7-m/nofp\libgcc.a(_arm_unordsf2.o)
                0x08000ef0                __unordsf2
                0x08000ef0                __aeabi_fcmpun
 .text          0x08000f1c       0x4c c:/users/admin/.platformio/packages/toolchain-gccarmnoneeabi/bin/../lib/gcc/arm-none-eabi/12.3.1/thumb/v7-m/nofp\libgcc.a(_arm_fixsfsi.o)
                0x08000f1c                __aeabi_f2iz
                0x08000f1c                __fixsfsi
 .text          0x08000f68       0x40 c:/users/admin/.platformio/packages/toolchain-gccarmnoneeabi/bin/../lib/gcc/arm-none-eabi/12.3.1/thumb/v7-m/nofp\libgcc.a(_arm_fixunssfsi.o)
                0x08000f68                __fixunssfsi
                0x08000f68                __aeabi_f2uiz
 .text          0x08000fa8       0x10 c:/users/admin/.platformio/packages/toolchain-gccarmnoneeabi/bin/../lib/gcc/arm-none-eabi/12.3.1/../../../../arm-none-eabi/lib/thumb/v7-m/nofp\libc_nano.a(libc_a-strlen.o)
                0x08000fa8                strlen
 *(.text*)
 .text.__do_global_dtors_aux
                0x08000fb8       0x24 c:/users/admin/.platformio/packages/toolchain-gccarmnoneeabi/bin/../lib/gcc/arm-none-eabi/12.3.1/thumb/v7-m/nofp/crtbegin.o
 .text.frame_dummy
                0x08000fdc       0x1c c:/users/admin/.platformio/packages/toolchain-gccarmnoneeabi/bin/../lib/gcc/arm-none-eabi/12.3.1/thumb/v7-m/nofp/crtbegin.o
 .text.SystemClock_Config
                0x08000ff8       0x7c .pio/build/bluepill_f103c8/FrameworkArduinoVariant/variant_PILL_F103Cx.cpp.o
                0x08000ff8                SystemClock_Config
 .text.HAL_MspInit
                0x08001074        0x2 .pio/build/bluepill_f103c8/SrcWrapper/src/HAL/stm32yyxx_hal.c.o
                0x08001074                HAL_MspInit
 *fill*         0x08001076        0x2 
 .text.HAL_InitTick
                0x08001078       0x48 .pio/build/bluepill_f103c8/SrcWrapper/src/HAL/stm32yyxx_hal.c.o
                0x08001078                HAL_InitTick
 .text.HAL_Init
                0x080010c0       0x24 .pio/build/bluepill_f103c8/SrcWrapper/src/HAL/stm32yyxx_hal.c.o
                0x080010c0                HAL_Init
 .text.HAL_IncTick
                0x080010e4       0x18 .pio/build/bluepill_f103c8/SrcWrapper/src/HAL/stm32yyxx_hal.c.o
                0x080010e4                HAL_IncTick
 .text.HAL_GetTick
                0x080010fc        0xc .pio/build/bluepill_f103c8/SrcWrapper/src/HAL/stm32yyxx_hal.c.o
                0x080010fc                HAL_GetTick
 .text.HAL_NVIC_SetPriorityGrouping
                0x08001108       0x24 .pio/build/bluepill_f103c8/SrcWrapper/src/HAL/stm32yyxx_hal_cortex.c.o
                0x08001108                HAL_NVIC_SetPriorityGrouping
 .text.HAL_NVIC_SetPriority
                0x0800112c       0x60 .pio/build/bluepill_f103c8/SrcWrapper/src/HAL/stm32yyxx_hal_cortex.c.o
                0x0800112c                HAL_NVIC_SetPriority
 .text.HAL_NVIC_EnableIRQ
                0x0800118c       0x1c .pio/build/bluepill_f103c8/SrcWrapper/src/HAL/stm32yyxx_hal_cortex.c.o
                0x0800118c                HAL_NVIC_EnableIRQ
 .text.HAL_NVIC_DisableIRQ
                0x080011a8       0x24 .pio/build/bluepill_f103c8/SrcWrapper/src/HAL/stm32yyxx_hal_cortex.c.o
                0x080011a8                HAL_NVIC_DisableIRQ
 .text.HAL_SYSTICK_Config
                0x080011cc       0x28 .pio/build/bluepill_f103c8/SrcWrapper/src/HAL/stm32yyxx_hal_cortex.c.o
                0x080011cc                HAL_SYSTICK_Config
 .text.HAL_NVIC_ClearPendingIRQ
                0x080011f4       0x1c .pio/build/bluepill_f103c8/SrcWrapper/src/HAL/stm32yyxx_hal_cortex.c.o
                0x080011f4                HAL_NVIC_ClearPendingIRQ
 .text.HAL_SYSTICK_Callback
                0x08001210        0x2 .pio/build/bluepill_f103c8/SrcWrapper/src/HAL/stm32yyxx_hal_cortex.c.o
                0x08001210                HAL_SYSTICK_Callback
 .text.HAL_SYSTICK_IRQHandler
                0x08001212        0x8 .pio/build/bluepill_f103c8/SrcWrapper/src/HAL/stm32yyxx_hal_cortex.c.o
                0x08001212                HAL_SYSTICK_IRQHandler
 .text.HAL_CRC_MspInit
                0x0800121a        0x2 .pio/build/bluepill_f103c8/SrcWrapper/src/HAL/stm32yyxx_hal_crc.c.o
                0x0800121a                HAL_CRC_MspInit
 .text.HAL_CRC_Init
                0x0800121c       0x20 .pio/build/bluepill_f103c8/SrcWrapper/src/HAL/stm32yyxx_hal_crc.c.o
                0x0800121c                HAL_CRC_Init
 .text.HAL_DMA_Abort
                0x0800123c       0x3e .pio/build/bluepill_f103c8/SrcWrapper/src/HAL/stm32yyxx_hal_dma.c.o
                0x0800123c                HAL_DMA_Abort
 *fill*         0x0800127a        0x2 
 .text.HAL_DMA_Abort_IT
                0x0800127c       0x8c .pio/build/bluepill_f103c8/SrcWrapper/src/HAL/stm32yyxx_hal_dma.c.o
                0x0800127c                HAL_DMA_Abort_IT
 .text.HAL_GPIO_Init
                0x08001308      0x1b0 .pio/build/bluepill_f103c8/SrcWrapper/src/HAL/stm32yyxx_hal_gpio.c.o
                0x08001308                HAL_GPIO_Init
 .text.HAL_GPIO_EXTI_IRQHandler
                0x080014b8       0x18 .pio/build/bluepill_f103c8/SrcWrapper/src/HAL/stm32yyxx_hal_gpio.c.o
                0x080014b8                HAL_GPIO_EXTI_IRQHandler
 .text.HAL_RCC_OscConfig
                0x080014d0      0x338 .pio/build/bluepill_f103c8/SrcWrapper/src/HAL/stm32yyxx_hal_rcc.c.o
                0x080014d0                HAL_RCC_OscConfig
 .text.HAL_RCC_GetSysClockFreq
                0x08001808       0x4c .pio/build/bluepill_f103c8/SrcWrapper/src/HAL/stm32yyxx_hal_rcc.c.o
                0x08001808                HAL_RCC_GetSysClockFreq
 .text.HAL_RCC_ClockConfig
                0x08001854      0x138 .pio/build/bluepill_f103c8/SrcWrapper/src/HAL/stm32yyxx_hal_rcc.c.o
                0x08001854                HAL_RCC_ClockConfig
 .text.HAL_RCC_GetPCLK1Freq
                0x0800198c       0x20 .pio/build/bluepill_f103c8/SrcWrapper/src/HAL/stm32yyxx_hal_rcc.c.o
                0x0800198c                HAL_RCC_GetPCLK1Freq
 .text.HAL_RCC_GetPCLK2Freq
                0x080019ac       0x20 .pio/build/bluepill_f103c8/SrcWrapper/src/HAL/stm32yyxx_hal_rcc.c.o
                0x080019ac                HAL_RCC_GetPCLK2Freq
 .text.HAL_RCC_GetClockConfig
                0x080019cc       0x3c .pio/build/bluepill_f103c8/SrcWrapper/src/HAL/stm32yyxx_hal_rcc.c.o
                0x080019cc                HAL_RCC_GetClockConfig
 .text.HAL_RCCEx_PeriphCLKConfig
                0x08001a08       0xf4 .pio/build/bluepill_f103c8/SrcWrapper/src/HAL/stm32yyxx_hal_rcc_ex.c.o
                0x08001a08                HAL_RCCEx_PeriphCLKConfig
 .text.HAL_SPI_MspInit
                0x08001afc        0x2 .pio/build/bluepill_f103c8/SrcWrapper/src/HAL/stm32yyxx_hal_spi.c.o
                0x08001afc                HAL_SPI_MspInit
 .text.HAL_SPI_Init
                0x08001afe       0xb0 .pio/build/bluepill_f103c8/SrcWrapper/src/HAL/stm32yyxx_hal_spi.c.o
                0x08001afe                HAL_SPI_Init
 .text.HAL_SPI_MspDeInit
                0x08001bae        0x2 .pio/build/bluepill_f103c8/SrcWrapper/src/HAL/stm32yyxx_hal_spi.c.o
                0x08001bae                HAL_SPI_MspDeInit
 .text.HAL_SPI_DeInit
                0x08001bb0       0x2c .pio/build/bluepill_f103c8/SrcWrapper/src/HAL/stm32yyxx_hal_spi.c.o
                0x08001bb0                HAL_SPI_DeInit
 .text.HAL_TIM_Base_DeInit
                0x08001bdc       0x5e .pio/build/bluepill_f103c8/SrcWrapper/src/HAL/stm32yyxx_hal_tim.c.o
                0x08001bdc                HAL_TIM_Base_DeInit
 *fill*         0x08001c3a        0x2 
 .text.HAL_TIM_Base_Start
                0x08001c3c       0x4c .pio/build/bluepill_f103c8/SrcWrapper/src/HAL/stm32yyxx_hal_tim.c.o
                0x08001c3c                HAL_TIM_Base_Start
 .text.HAL_TIM_Base_Stop
                0x08001c88       0x28 .pio/build/bluepill_f103c8/SrcWrapper/src/HAL/stm32yyxx_hal_tim.c.o
                0x08001c88                HAL_TIM_Base_Stop
 .text.HAL_TIM_Base_Stop_IT
                0x08001cb0       0x30 .pio/build/bluepill_f103c8/SrcWrapper/src/HAL/stm32yyxx_hal_tim.c.o
                0x08001cb0                HAL_TIM_Base_Stop_IT
 .text.HAL_TIM_GenerateEvent
                0x08001ce0       0x24 .pio/build/bluepill_f103c8/SrcWrapper/src/HAL/stm32yyxx_hal_tim.c.o
                0x08001ce0                HAL_TIM_GenerateEvent
 .text.HAL_TIM_PWM_PulseFinishedCallback
                0x08001d04        0x2 .pio/build/bluepill_f103c8/SrcWrapper/src/HAL/stm32yyxx_hal_tim.c.o
                0x08001d04                HAL_TIM_PWM_PulseFinishedCallback
 .text.HAL_TIM_TriggerCallback
                0x08001d06        0x2 .pio/build/bluepill_f103c8/SrcWrapper/src/HAL/stm32yyxx_hal_tim.c.o
                0x08001d06                HAL_TIM_TriggerCallback
 .text.HAL_TIM_IRQHandler
                0x08001d08      0x128 .pio/build/bluepill_f103c8/SrcWrapper/src/HAL/stm32yyxx_hal_tim.c.o
                0x08001d08                HAL_TIM_IRQHandler
 .text.TIM_Base_SetConfig
                0x08001e30       0x64 .pio/build/bluepill_f103c8/SrcWrapper/src/HAL/stm32yyxx_hal_tim.c.o
                0x08001e30                TIM_Base_SetConfig
 .text.HAL_TIM_Base_Init
                0x08001e94       0x58 .pio/build/bluepill_f103c8/SrcWrapper/src/HAL/stm32yyxx_hal_tim.c.o
                0x08001e94                HAL_TIM_Base_Init
 .text.TIM_CCxChannelCmd
                0x08001eec       0x1c .pio/build/bluepill_f103c8/SrcWrapper/src/HAL/stm32yyxx_hal_tim.c.o
                0x08001eec                TIM_CCxChannelCmd
 .text.HAL_TIM_OC_Start
                0x08001f08       0x98 .pio/build/bluepill_f103c8/SrcWrapper/src/HAL/stm32yyxx_hal_tim.c.o
                0x08001f08                HAL_TIM_OC_Start
 .text.HAL_TIM_PWM_Start
                0x08001fa0        0x4 .pio/build/bluepill_f103c8/SrcWrapper/src/HAL/stm32yyxx_hal_tim.c.o
                0x08001fa0                HAL_TIM_PWM_Start
 .text.HAL_TIM_IC_Start
                0x08001fa4       0xd0 .pio/build/bluepill_f103c8/SrcWrapper/src/HAL/stm32yyxx_hal_tim.c.o
                0x08001fa4                HAL_TIM_IC_Start
 .text.TIM_CCxNChannelCmd
                0x08002074       0x1c .pio/build/bluepill_f103c8/SrcWrapper/src/HAL/stm32yyxx_hal_tim_ex.c.o
 .text.HAL_TIMEx_OCN_Start
                0x08002090       0x94 .pio/build/bluepill_f103c8/SrcWrapper/src/HAL/stm32yyxx_hal_tim_ex.c.o
                0x08002090                HAL_TIMEx_OCN_Start
 .text.HAL_TIMEx_PWMN_Start
                0x08002124        0x4 .pio/build/bluepill_f103c8/SrcWrapper/src/HAL/stm32yyxx_hal_tim_ex.c.o
                0x08002124                HAL_TIMEx_PWMN_Start
 .text.HAL_TIMEx_CommutCallback
                0x08002128        0x2 .pio/build/bluepill_f103c8/SrcWrapper/src/HAL/stm32yyxx_hal_tim_ex.c.o
                0x08002128                HAL_TIMEx_CommutCallback
 .text.HAL_TIMEx_BreakCallback
                0x0800212a        0x2 .pio/build/bluepill_f103c8/SrcWrapper/src/HAL/stm32yyxx_hal_tim_ex.c.o
                0x0800212a                HAL_TIMEx_BreakCallback
 .text.UART_EndRxTransfer
                0x0800212c       0x5c .pio/build/bluepill_f103c8/SrcWrapper/src/HAL/stm32yyxx_hal_uart.c.o
 .text.UART_SetConfig
                0x08002188       0x74 .pio/build/bluepill_f103c8/SrcWrapper/src/HAL/stm32yyxx_hal_uart.c.o
 .text.UART_WaitOnFlagUntilTimeout.constprop.0
                0x080021fc       0x64 .pio/build/bluepill_f103c8/SrcWrapper/src/HAL/stm32yyxx_hal_uart.c.o
 .text.HAL_UART_MspInit
                0x08002260        0x2 .pio/build/bluepill_f103c8/SrcWrapper/src/HAL/stm32yyxx_hal_uart.c.o
                0x08002260                HAL_UART_MspInit
 .text.HAL_UART_Init
                0x08002262       0x5e .pio/build/bluepill_f103c8/SrcWrapper/src/HAL/stm32yyxx_hal_uart.c.o
                0x08002262                HAL_UART_Init
 .text.HAL_HalfDuplex_Init
                0x080022c0       0x66 .pio/build/bluepill_f103c8/SrcWrapper/src/HAL/stm32yyxx_hal_uart.c.o
                0x080022c0                HAL_HalfDuplex_Init
 .text.HAL_UART_Transmit
                0x08002326       0x9c .pio/build/bluepill_f103c8/SrcWrapper/src/HAL/stm32yyxx_hal_uart.c.o
                0x08002326                HAL_UART_Transmit
 .text.HAL_UART_Transmit_IT
                0x080023c2       0x32 .pio/build/bluepill_f103c8/SrcWrapper/src/HAL/stm32yyxx_hal_uart.c.o
                0x080023c2                HAL_UART_Transmit_IT
 .text.UART_DMAAbortOnError
                0x080023f4       0x10 .pio/build/bluepill_f103c8/SrcWrapper/src/HAL/stm32yyxx_hal_uart.c.o
 .text.HAL_UARTEx_RxEventCallback
                0x08002404        0x2 .pio/build/bluepill_f103c8/SrcWrapper/src/HAL/stm32yyxx_hal_uart.c.o
                0x08002404                HAL_UARTEx_RxEventCallback
 .text.UART_Receive_IT.isra.0
                0x08002406       0xb6 .pio/build/bluepill_f103c8/SrcWrapper/src/HAL/stm32yyxx_hal_uart.c.o
 .text.HAL_UART_IRQHandler
                0x080024bc      0x2d8 .pio/build/bluepill_f103c8/SrcWrapper/src/HAL/stm32yyxx_hal_uart.c.o
                0x080024bc                HAL_UART_IRQHandler
 .text.HAL_HalfDuplex_EnableTransmitter
                0x08002794       0x30 .pio/build/bluepill_f103c8/SrcWrapper/src/HAL/stm32yyxx_hal_uart.c.o
                0x08002794                HAL_HalfDuplex_EnableTransmitter
 .text.HAL_HalfDuplex_EnableReceiver
                0x080027c4       0x30 .pio/build/bluepill_f103c8/SrcWrapper/src/HAL/stm32yyxx_hal_uart.c.o
                0x080027c4                HAL_HalfDuplex_EnableReceiver
 .text.HAL_UART_GetState
                0x080027f4        0xc .pio/build/bluepill_f103c8/SrcWrapper/src/HAL/stm32yyxx_hal_uart.c.o
                0x080027f4                HAL_UART_GetState
 .text.UART_Start_Receive_IT
                0x08002800       0x32 .pio/build/bluepill_f103c8/SrcWrapper/src/HAL/stm32yyxx_hal_uart.c.o
                0x08002800                UART_Start_Receive_IT
 .text.HAL_UART_Receive_IT
                0x08002832       0x22 .pio/build/bluepill_f103c8/SrcWrapper/src/HAL/stm32yyxx_hal_uart.c.o
                0x08002832                HAL_UART_Receive_IT
 .text._ZNSt8functionIFvvEEaSEDn.isra.0
                0x08002854       0x16 .pio/build/bluepill_f103c8/SrcWrapper/src/HardwareTimer.cpp.o
 .text._ZNSt14_Function_baseD2Ev
                0x0800286a       0x12 .pio/build/bluepill_f103c8/SrcWrapper/src/HardwareTimer.cpp.o
                0x0800286a                std::_Function_base::~_Function_base()
                0x0800286a                std::_Function_base::~_Function_base()
 .text._ZN13HardwareTimer5pauseEv
                0x0800287c       0x62 .pio/build/bluepill_f103c8/SrcWrapper/src/HardwareTimer.cpp.o
                0x0800287c                HardwareTimer::pause()
 .text._ZN13HardwareTimer10getChannelEm
                0x080028de        0xe .pio/build/bluepill_f103c8/SrcWrapper/src/HardwareTimer.cpp.o
                0x080028de                HardwareTimer::getChannel(unsigned long)
 .text._ZN13HardwareTimer12getLLChannelEm
                0x080028ec       0x44 .pio/build/bluepill_f103c8/SrcWrapper/src/HardwareTimer.cpp.o
                0x080028ec                HardwareTimer::getLLChannel(unsigned long)
 .text._ZN13HardwareTimer5getITEm
                0x08002930       0x14 .pio/build/bluepill_f103c8/SrcWrapper/src/HardwareTimer.cpp.o
                0x08002930                HardwareTimer::getIT(unsigned long)
 .text._ZN13HardwareTimer20getAssociatedChannelEm
                0x08002944       0x14 .pio/build/bluepill_f103c8/SrcWrapper/src/HardwareTimer.cpp.o
                0x08002944                HardwareTimer::getAssociatedChannel(unsigned long)
 .text._ZN13HardwareTimer13resumeChannelEm
                0x08002958       0xf6 .pio/build/bluepill_f103c8/SrcWrapper/src/HardwareTimer.cpp.o
                0x08002958                HardwareTimer::resumeChannel(unsigned long)
 .text._ZN13HardwareTimer6resumeEv
                0x08002a4e       0x4c .pio/build/bluepill_f103c8/SrcWrapper/src/HardwareTimer.cpp.o
                0x08002a4e                HardwareTimer::resume()
 .text._ZN13HardwareTimer7refreshEv
                0x08002a9a        0x8 .pio/build/bluepill_f103c8/SrcWrapper/src/HardwareTimer.cpp.o
                0x08002a9a                HardwareTimer::refresh()
 .text._ZN13HardwareTimer9isRunningEv
                0x08002aa2        0xa .pio/build/bluepill_f103c8/SrcWrapper/src/HardwareTimer.cpp.o
                0x08002aa2                HardwareTimer::isRunning()
 .text._ZN13HardwareTimer27updateRegistersIfNotRunningEP11TIM_TypeDef
                0x08002aac       0x3a .pio/build/bluepill_f103c8/SrcWrapper/src/HardwareTimer.cpp.o
                0x08002aac                HardwareTimer::updateRegistersIfNotRunning(TIM_TypeDef*)
 *fill*         0x08002ae6        0x2 
 .text._Z15get_timer_indexP11TIM_TypeDef
                0x08002ae8       0x34 .pio/build/bluepill_f103c8/SrcWrapper/src/HardwareTimer.cpp.o
                0x08002ae8                get_timer_index(TIM_TypeDef*)
 .text._ZN13HardwareTimerD2Ev
                0x08002b1c       0x40 .pio/build/bluepill_f103c8/SrcWrapper/src/HardwareTimer.cpp.o
                0x08002b1c                HardwareTimer::~HardwareTimer()
                0x08002b1c                HardwareTimer::~HardwareTimer()
 .text._ZN13HardwareTimer5setupEP11TIM_TypeDef
                0x08002b5c       0x84 .pio/build/bluepill_f103c8/SrcWrapper/src/HardwareTimer.cpp.o
                0x08002b5c                HardwareTimer::setup(TIM_TypeDef*)
 .text._ZN13HardwareTimer15getTimerClkFreqEv
                0x08002be0       0x58 .pio/build/bluepill_f103c8/SrcWrapper/src/HardwareTimer.cpp.o
                0x08002be0                HardwareTimer::getTimerClkFreq()
 .text._ZN13HardwareTimer11setOverflowEm13TimerFormat_t
                0x08002c38       0x4c .pio/build/bluepill_f103c8/SrcWrapper/src/HardwareTimer.cpp.o
                0x08002c38                HardwareTimer::setOverflow(unsigned long, TimerFormat_t)
 .text._ZN13HardwareTimer17timerHandleDeinitEv
                0x08002c84       0x16 .pio/build/bluepill_f103c8/SrcWrapper/src/HardwareTimer.cpp.o
                0x08002c84                HardwareTimer::timerHandleDeinit()
 *fill*         0x08002c9a        0x2 
 .text.TIM1_UP_IRQHandler
                0x08002c9c       0x14 .pio/build/bluepill_f103c8/SrcWrapper/src/HardwareTimer.cpp.o
                0x08002c9c                TIM1_UP_IRQHandler
 .text.TIM1_CC_IRQHandler
                0x08002cb0        0x4 .pio/build/bluepill_f103c8/SrcWrapper/src/HardwareTimer.cpp.o
                0x08002cb0                TIM1_CC_IRQHandler
 .text.TIM2_IRQHandler
                0x08002cb4       0x14 .pio/build/bluepill_f103c8/SrcWrapper/src/HardwareTimer.cpp.o
                0x08002cb4                TIM2_IRQHandler
 .text.TIM3_IRQHandler
                0x08002cc8       0x14 .pio/build/bluepill_f103c8/SrcWrapper/src/HardwareTimer.cpp.o
                0x08002cc8                TIM3_IRQHandler
 .text.TIM4_IRQHandler
                0x08002cdc       0x14 .pio/build/bluepill_f103c8/SrcWrapper/src/HardwareTimer.cpp.o
                0x08002cdc                TIM4_IRQHandler
 .text._ZNSt8functionIFvvEEC2Ev
                0x08002cf0        0xc .pio/build/bluepill_f103c8/SrcWrapper/src/HardwareTimer.cpp.o
                0x08002cf0                std::function<void ()>::function()
                0x08002cf0                std::function<void ()>::function()
 .text._ZN13HardwareTimerC2EP11TIM_TypeDef
                0x08002cfc       0x2a .pio/build/bluepill_f103c8/SrcWrapper/src/HardwareTimer.cpp.o
                0x08002cfc                HardwareTimer::HardwareTimer(TIM_TypeDef*)
                0x08002cfc                HardwareTimer::HardwareTimer(TIM_TypeDef*)
 .text._ZNSt8functionIFvvEEC2ERKS1_
                0x08002d26       0x24 .pio/build/bluepill_f103c8/SrcWrapper/src/HardwareTimer.cpp.o
                0x08002d26                std::function<void ()>::function(std::function<void ()> const&)
                0x08002d26                std::function<void ()>::function(std::function<void ()> const&)
 .text._ZNSt8functionIFvvEEaSERKS1_.isra.0
                0x08002d4a       0x42 .pio/build/bluepill_f103c8/SrcWrapper/src/HardwareTimer.cpp.o
 .text._ZN13HardwareTimer15attachInterruptESt8functionIFvvEE
                0x08002d8c       0x2e .pio/build/bluepill_f103c8/SrcWrapper/src/HardwareTimer.cpp.o
                0x08002d8c                HardwareTimer::attachInterrupt(std::function<void ()>)
 .text._ZNKSt8functionIFvvEEclEv
                0x08002dba       0x12 .pio/build/bluepill_f103c8/SrcWrapper/src/HardwareTimer.cpp.o
                0x08002dba                std::function<void ()>::operator()() const
 .text._ZN13HardwareTimer14updateCallbackEP17TIM_HandleTypeDef
                0x08002dcc       0x18 .pio/build/bluepill_f103c8/SrcWrapper/src/HardwareTimer.cpp.o
                0x08002dcc                HardwareTimer::updateCallback(TIM_HandleTypeDef*)
 .text.HAL_TIM_PeriodElapsedCallback
                0x08002de4        0x4 .pio/build/bluepill_f103c8/SrcWrapper/src/HardwareTimer.cpp.o
                0x08002de4                HAL_TIM_PeriodElapsedCallback
 .text._ZN13HardwareTimer22captureCompareCallbackEP17TIM_HandleTypeDef
                0x08002de8       0x3e .pio/build/bluepill_f103c8/SrcWrapper/src/HardwareTimer.cpp.o
                0x08002de8                HardwareTimer::captureCompareCallback(TIM_HandleTypeDef*)
 .text.HAL_TIM_OC_DelayElapsedCallback
                0x08002e26        0x4 .pio/build/bluepill_f103c8/SrcWrapper/src/HardwareTimer.cpp.o
                0x08002e26                HAL_TIM_OC_DelayElapsedCallback
 .text.HAL_TIM_IC_CaptureCallback
                0x08002e2a        0x4 .pio/build/bluepill_f103c8/SrcWrapper/src/HardwareTimer.cpp.o
                0x08002e2a                HAL_TIM_IC_CaptureCallback
 .text._Znwj    0x08002e2e        0x4 .pio/build/bluepill_f103c8/SrcWrapper/src/new.cpp.o
                0x08002e2e                operator new(unsigned int)
 .text._Znaj    0x08002e32        0x4 .pio/build/bluepill_f103c8/SrcWrapper/src/new.cpp.o
                0x08002e32                operator new[](unsigned int)
 .text._ZdaPv   0x08002e36        0x4 .pio/build/bluepill_f103c8/SrcWrapper/src/new.cpp.o
                0x08002e36                operator delete[](void*)
 .text._ZdlPvj  0x08002e3a        0x4 .pio/build/bluepill_f103c8/SrcWrapper/src/new.cpp.o
                0x08002e3a                operator delete(void*, unsigned int)
 *fill*         0x08002e3e        0x2 
 .text.set_GPIO_Port_Clock
                0x08002e40       0xa8 .pio/build/bluepill_f103c8/SrcWrapper/src/stm32/PortNames.c.o
                0x08002e40                set_GPIO_Port_Clock
 .text.pwm_stop
                0x08002ee8       0x5c .pio/build/bluepill_f103c8/SrcWrapper/src/stm32/analog.cpp.o
                0x08002ee8                pwm_stop
 .text.getCurrentMicros
                0x08002f44       0x48 .pio/build/bluepill_f103c8/SrcWrapper/src/stm32/clock.c.o
                0x08002f44                getCurrentMicros
 .text.getCurrentMillis
                0x08002f8c        0x4 .pio/build/bluepill_f103c8/SrcWrapper/src/stm32/clock.c.o
                0x08002f8c                getCurrentMillis
 .text.noOsSystickHandler
                0x08002f90        0x2 .pio/build/bluepill_f103c8/SrcWrapper/src/stm32/clock.c.o
                0x08002f90                osSystickHandler
                0x08002f90                noOsSystickHandler
 .text.SysTick_Handler
                0x08002f92       0x10 .pio/build/bluepill_f103c8/SrcWrapper/src/stm32/clock.c.o
                0x08002f92                SysTick_Handler
 .text.configHSECapacitorTuning
                0x08002fa2        0x2 .pio/build/bluepill_f103c8/SrcWrapper/src/stm32/clock.c.o
                0x08002fa2                configHSECapacitorTuning
 .text.configIPClock
                0x08002fa4       0x44 .pio/build/bluepill_f103c8/SrcWrapper/src/stm32/clock.c.o
                0x08002fa4                configIPClock
 .text.dwt_init
                0x08002fe8       0x3c .pio/build/bluepill_f103c8/SrcWrapper/src/stm32/dwt.c.o
                0x08002fe8                dwt_init
 .text.hw_config_init
                0x08003024       0x24 .pio/build/bluepill_f103c8/SrcWrapper/src/stm32/hw_config.c.o
                0x08003024                hw_config_init
 .text._ZNSt17_Function_handlerIFvvEPS0_E10_M_managerERSt9_Any_dataRKS3_St18_Manager_operation
                0x08003048       0x20 .pio/build/bluepill_f103c8/SrcWrapper/src/stm32/interrupt.cpp.o
                0x08003048                std::_Function_handler<void (), void (*)()>::_M_manager(std::_Any_data&, std::_Any_data const&, std::_Manager_operation)
 .text._ZNSt17_Function_handlerIFvvEPS0_E9_M_invokeERKSt9_Any_data
                0x08003068        0x4 .pio/build/bluepill_f103c8/SrcWrapper/src/stm32/interrupt.cpp.o
                0x08003068                std::_Function_handler<void (), void (*)()>::_M_invoke(std::_Any_data const&)
 .text.startup._ZNSt8functionIFvvEEC2EDn.constprop.0.isra.0
                0x0800306c        0xc .pio/build/bluepill_f103c8/SrcWrapper/src/stm32/interrupt.cpp.o
 .text._Z23stm32_interrupt_disableP12GPIO_TypeDeft
                0x08003078       0x78 .pio/build/bluepill_f103c8/SrcWrapper/src/stm32/interrupt.cpp.o
                0x08003078                stm32_interrupt_disable(GPIO_TypeDef*, unsigned short)
 .text.HAL_GPIO_EXTI_Callback
                0x080030f0       0x2c .pio/build/bluepill_f103c8/SrcWrapper/src/stm32/interrupt.cpp.o
                0x080030f0                HAL_GPIO_EXTI_Callback
 .text.EXTI0_IRQHandler
                0x0800311c        0x6 .pio/build/bluepill_f103c8/SrcWrapper/src/stm32/interrupt.cpp.o
                0x0800311c                EXTI0_IRQHandler
 .text.EXTI1_IRQHandler
                0x08003122        0x6 .pio/build/bluepill_f103c8/SrcWrapper/src/stm32/interrupt.cpp.o
                0x08003122                EXTI1_IRQHandler
 .text.EXTI2_IRQHandler
                0x08003128        0x6 .pio/build/bluepill_f103c8/SrcWrapper/src/stm32/interrupt.cpp.o
                0x08003128                EXTI2_IRQHandler
 .text.EXTI3_IRQHandler
                0x0800312e        0x6 .pio/build/bluepill_f103c8/SrcWrapper/src/stm32/interrupt.cpp.o
                0x0800312e                EXTI3_IRQHandler
 .text.EXTI4_IRQHandler
                0x08003134        0x6 .pio/build/bluepill_f103c8/SrcWrapper/src/stm32/interrupt.cpp.o
                0x08003134                EXTI4_IRQHandler
 .text.EXTI9_5_IRQHandler
                0x0800313a       0x16 .pio/build/bluepill_f103c8/SrcWrapper/src/stm32/interrupt.cpp.o
                0x0800313a                EXTI9_5_IRQHandler
 .text.EXTI15_10_IRQHandler
                0x08003150       0x18 .pio/build/bluepill_f103c8/SrcWrapper/src/stm32/interrupt.cpp.o
                0x08003150                EXTI15_10_IRQHandler
 .text._Z22stm32_interrupt_enable7PinNameSt8functionIFvvEEm
                0x08003168       0xd4 .pio/build/bluepill_f103c8/SrcWrapper/src/stm32/interrupt.cpp.o
                0x08003168                stm32_interrupt_enable(PinName, std::function<void ()>, unsigned long)
 .text.startup._GLOBAL__sub_I__Z22stm32_interrupt_enable7PinNameSt8functionIFvvEEm
                0x0800323c       0xd8 .pio/build/bluepill_f103c8/SrcWrapper/src/stm32/interrupt.cpp.o
 .text.exit._GLOBAL__sub_D__Z22stm32_interrupt_enable7PinNameSt8functionIFvvEEm
                0x08003314       0x1c .pio/build/bluepill_f103c8/SrcWrapper/src/stm32/interrupt.cpp.o
 .text.pin_SetF1AFPin
                0x08003330      0x1f8 .pio/build/bluepill_f103c8/SrcWrapper/src/stm32/pinmap.c.o
 .text.LL_GPIO_SetPinMode
                0x08003528       0x2c .pio/build/bluepill_f103c8/SrcWrapper/src/stm32/pinmap.c.o
 .text.LL_GPIO_SetPinOutputType
                0x08003554       0x2c .pio/build/bluepill_f103c8/SrcWrapper/src/stm32/pinmap.c.o
 .text.pin_in_pinmap
                0x08003580       0x1e .pio/build/bluepill_f103c8/SrcWrapper/src/stm32/pinmap.c.o
                0x08003580                pin_in_pinmap
 *fill*         0x0800359e        0x2 
 .text.pin_function
                0x080035a0      0x18c .pio/build/bluepill_f103c8/SrcWrapper/src/stm32/pinmap.c.o
                0x080035a0                pin_function
 .text.pinmap_pinout
                0x0800372c       0x1a .pio/build/bluepill_f103c8/SrcWrapper/src/stm32/pinmap.c.o
                0x0800372c                pinmap_pinout
 .text.pinmap_find_peripheral
                0x08003746       0x16 .pio/build/bluepill_f103c8/SrcWrapper/src/stm32/pinmap.c.o
                0x08003746                pinmap_find_peripheral
 .text.pinmap_peripheral
                0x0800375c        0xc .pio/build/bluepill_f103c8/SrcWrapper/src/stm32/pinmap.c.o
                0x0800375c                pinmap_peripheral
 .text.pinmap_find_pin
                0x08003768       0x16 .pio/build/bluepill_f103c8/SrcWrapper/src/stm32/pinmap.c.o
                0x08003768                pinmap_find_pin
 .text.pinmap_pin
                0x0800377e        0xc .pio/build/bluepill_f103c8/SrcWrapper/src/stm32/pinmap.c.o
                0x0800377e                pinmap_pin
 .text.pinmap_merge_peripheral
                0x0800378a       0x14 .pio/build/bluepill_f103c8/SrcWrapper/src/stm32/pinmap.c.o
                0x0800378a                pinmap_merge_peripheral
 *fill*         0x0800379e        0x2 
 .text.SystemInit
                0x080037a0       0x4c .pio/build/bluepill_f103c8/SrcWrapper/src/stm32/system_stm32yyxx.c.o
                0x080037a0                SystemInit
 .text.get_timer_obj
                0x080037ec        0x4 .pio/build/bluepill_f103c8/SrcWrapper/src/stm32/timer.c.o
                0x080037ec                get_timer_obj
 .text.enableTimerClock
                0x080037f0       0x88 .pio/build/bluepill_f103c8/SrcWrapper/src/stm32/timer.c.o
                0x080037f0                enableTimerClock
 .text.disableTimerClock
                0x08003878       0x5c .pio/build/bluepill_f103c8/SrcWrapper/src/stm32/timer.c.o
                0x08003878                disableTimerClock
 .text.getTimerUpIrq
                0x080038d4       0x40 .pio/build/bluepill_f103c8/SrcWrapper/src/stm32/timer.c.o
                0x080038d4                getTimerUpIrq
 .text.getTimerCCIrq
                0x08003914       0x40 .pio/build/bluepill_f103c8/SrcWrapper/src/stm32/timer.c.o
                0x08003914                getTimerCCIrq
 .text.HAL_TIM_Base_MspInit
                0x08003954       0x4e .pio/build/bluepill_f103c8/SrcWrapper/src/stm32/timer.c.o
                0x08003954                HAL_TIM_Base_MspInit
 .text.HAL_TIM_Base_MspDeInit
                0x080039a2       0x20 .pio/build/bluepill_f103c8/SrcWrapper/src/stm32/timer.c.o
                0x080039a2                HAL_TIM_Base_MspDeInit
 *fill*         0x080039c2        0x2 
 .text.getTimerClkSrc
                0x080039c4       0x34 .pio/build/bluepill_f103c8/SrcWrapper/src/stm32/timer.c.o
                0x080039c4                getTimerClkSrc
 .text.uart_init
                0x080039f8      0x1c8 .pio/build/bluepill_f103c8/SrcWrapper/src/stm32/uart.c.o
                0x080039f8                uart_init
 .text.uart_debug_init
                0x08003bc0       0x38 .pio/build/bluepill_f103c8/SrcWrapper/src/stm32/uart.c.o
                0x08003bc0                uart_debug_init
 .text.serial_rx_active
                0x08003bf8       0x24 .pio/build/bluepill_f103c8/SrcWrapper/src/stm32/uart.c.o
                0x08003bf8                serial_rx_active
 .text.serial_tx_active
                0x08003c1c       0x24 .pio/build/bluepill_f103c8/SrcWrapper/src/stm32/uart.c.o
                0x08003c1c                serial_tx_active
 .text.uart_debug_write
                0x08003c40       0xc0 .pio/build/bluepill_f103c8/SrcWrapper/src/stm32/uart.c.o
                0x08003c40                uart_debug_write
 .text.uart_getc
                0x08003d00       0x38 .pio/build/bluepill_f103c8/SrcWrapper/src/stm32/uart.c.o
                0x08003d00                uart_getc
 .text.uart_attach_rx_callback
                0x08003d38       0x40 .pio/build/bluepill_f103c8/SrcWrapper/src/stm32/uart.c.o
                0x08003d38                uart_attach_rx_callback
 .text.uart_attach_tx_callback
                0x08003d78       0x40 .pio/build/bluepill_f103c8/SrcWrapper/src/stm32/uart.c.o
                0x08003d78                uart_attach_tx_callback
 .text.uart_enable_tx
                0x08003db8       0x1c .pio/build/bluepill_f103c8/SrcWrapper/src/stm32/uart.c.o
                0x08003db8                uart_enable_tx
 .text.uart_enable_rx
                0x08003dd4       0x1c .pio/build/bluepill_f103c8/SrcWrapper/src/stm32/uart.c.o
                0x08003dd4                uart_enable_rx
 .text.HAL_UART_RxCpltCallback
                0x08003df0        0x6 .pio/build/bluepill_f103c8/SrcWrapper/src/stm32/uart.c.o
                0x08003df0                HAL_UART_RxCpltCallback
 .text.HAL_UART_TxCpltCallback
                0x08003df6        0x6 .pio/build/bluepill_f103c8/SrcWrapper/src/stm32/uart.c.o
                0x08003df6                HAL_UART_TxCpltCallback
 .text.HAL_UART_ErrorCallback
                0x08003dfc       0x7c .pio/build/bluepill_f103c8/SrcWrapper/src/stm32/uart.c.o
                0x08003dfc                HAL_UART_ErrorCallback
 .text.USART1_IRQHandler
                0x08003e78       0x18 .pio/build/bluepill_f103c8/SrcWrapper/src/stm32/uart.c.o
                0x08003e78                USART1_IRQHandler
 .text.USART2_IRQHandler
                0x08003e90       0x1c .pio/build/bluepill_f103c8/SrcWrapper/src/stm32/uart.c.o
                0x08003e90                USART2_IRQHandler
 .text.USART3_IRQHandler
                0x08003eac       0x1c .pio/build/bluepill_f103c8/SrcWrapper/src/stm32/uart.c.o
                0x08003eac                USART3_IRQHandler
 .text._sbrk    0x08003ec8       0x3c .pio/build/bluepill_f103c8/SrcWrapper/src/syscalls.c.o
                0x08003ec8                _sbrk
 .text._close   0x08003f04        0x6 .pio/build/bluepill_f103c8/SrcWrapper/src/syscalls.c.o
                0x08003f04                _close
 .text._fstat   0x08003f0a        0xa .pio/build/bluepill_f103c8/SrcWrapper/src/syscalls.c.o
                0x08003f0a                _fstat
 .text._isatty  0x08003f14        0x4 .pio/build/bluepill_f103c8/SrcWrapper/src/syscalls.c.o
                0x08003f14                _isatty
 .text._lseek   0x08003f18        0x4 .pio/build/bluepill_f103c8/SrcWrapper/src/syscalls.c.o
                0x08003f18                _lseek
 .text._read    0x08003f1c        0x4 .pio/build/bluepill_f103c8/SrcWrapper/src/syscalls.c.o
                0x08003f1c                _read
 .text._exit    0x08003f20        0x2 .pio/build/bluepill_f103c8/SrcWrapper/src/syscalls.c.o
                0x08003f20                _exit
 *fill*         0x08003f22        0x2 
 .text._kill    0x08003f24       0x10 .pio/build/bluepill_f103c8/SrcWrapper/src/syscalls.c.o
                0x08003f24                _kill
 .text._getpid  0x08003f34        0x4 .pio/build/bluepill_f103c8/SrcWrapper/src/syscalls.c.o
                0x08003f34                _getpid
 .text._Z15wasSeenRecentlymm
                0x08003f38       0x28 .pio/build/bluepill_f103c8/src/main.cpp.o
                0x08003f38                wasSeenRecently(unsigned long, unsigned long)
 .text._Z8markSeenmm
                0x08003f60       0x2c .pio/build/bluepill_f103c8/src/main.cpp.o
                0x08003f60                markSeen(unsigned long, unsigned long)
 .text._Z19computeSlotTimeMsechf
                0x08003f8c       0x30 .pio/build/bluepill_f103c8/src/main.cpp.o
                0x08003f8c                computeSlotTimeMsec(unsigned char, float)
 .text._Z9getCWsizef
                0x08003fbc       0x38 .pio/build/bluepill_f103c8/src/main.cpp.o
                0x08003fbc                getCWsize(float)
 .text._Z23getRebroadcastDelayMsecfm
                0x08003ff4       0x16 .pio/build/bluepill_f103c8/src/main.cpp.o
                0x08003ff4                getRebroadcastDelayMsec(float, unsigned long)
 *fill*         0x0800400a        0x2 
 .text.setup    0x0800400c      0x170 .pio/build/bluepill_f103c8/src/main.cpp.o
                0x0800400c                setup
 .text.loop     0x0800417c      0x274 .pio/build/bluepill_f103c8/src/main.cpp.o
                0x0800417c                loop
 .text.startup._GLOBAL__sub_I_radio
                0x080043f0       0x2c .pio/build/bluepill_f103c8/src/main.cpp.o
 .text._ZN6ModuleC2Emmmm
                0x0800441c       0x60 .pio/build/bluepill_f103c8/lib4ce/libRadioLib.a(Module.cpp.o)
                0x0800441c                Module::Module(unsigned long, unsigned long, unsigned long, unsigned long)
                0x0800441c                Module::Module(unsigned long, unsigned long, unsigned long, unsigned long)
 .text._ZN6Module4initEv
                0x0800447c       0x2c .pio/build/bluepill_f103c8/lib4ce/libRadioLib.a(Module.cpp.o)
                0x0800447c                Module::init()
 .text._ZN6Module4termEv
                0x080044a8        0x8 .pio/build/bluepill_f103c8/lib4ce/libRadioLib.a(Module.cpp.o)
                0x080044a8                Module::term()
 .text._ZN6Module11SPItransferEtmPKhPhj
                0x080044b0       0xca .pio/build/bluepill_f103c8/lib4ce/libRadioLib.a(Module.cpp.o)
                0x080044b0                Module::SPItransfer(unsigned short, unsigned long, unsigned char const*, unsigned char*, unsigned int)
 .text._ZN6Module17SPItransferStreamEPKhhbS1_Phjb
                0x0800457a      0x174 .pio/build/bluepill_f103c8/lib4ce/libRadioLib.a(Module.cpp.o)
                0x0800457a                Module::SPItransferStream(unsigned char const*, unsigned char, bool, unsigned char const*, unsigned char*, unsigned int, bool)
 .text._ZN6Module20SPIreadRegisterBurstEmjPh
                0x080046ee       0x86 .pio/build/bluepill_f103c8/lib4ce/libRadioLib.a(Module.cpp.o)
                0x080046ee                Module::SPIreadRegisterBurst(unsigned long, unsigned int, unsigned char*)
 .text._ZN6Module15SPIreadRegisterEm
                0x08004774       0x8c .pio/build/bluepill_f103c8/lib4ce/libRadioLib.a(Module.cpp.o)
                0x08004774                Module::SPIreadRegister(unsigned long)
 .text._ZN6Module21SPIwriteRegisterBurstEmPKhj
                0x08004800       0x8a .pio/build/bluepill_f103c8/lib4ce/libRadioLib.a(Module.cpp.o)
                0x08004800                Module::SPIwriteRegisterBurst(unsigned long, unsigned char const*, unsigned int)
 .text._ZN6Module16SPIwriteRegisterEmh
                0x0800488a       0x88 .pio/build/bluepill_f103c8/lib4ce/libRadioLib.a(Module.cpp.o)
                0x0800488a                Module::SPIwriteRegister(unsigned long, unsigned char)
 .text._ZN6Module14SPIsetRegValueEmhhhhhb
                0x08004912       0xac .pio/build/bluepill_f103c8/lib4ce/libRadioLib.a(Module.cpp.o)
                0x08004912                Module::SPIsetRegValue(unsigned long, unsigned char, unsigned char, unsigned char, unsigned char, unsigned char, bool)
 .text._ZN6Module13SPIreadStreamEPKhhPhjbb
                0x080049be       0x32 .pio/build/bluepill_f103c8/lib4ce/libRadioLib.a(Module.cpp.o)
                0x080049be                Module::SPIreadStream(unsigned char const*, unsigned char, unsigned char*, unsigned int, bool, bool)
 .text._ZN6Module13SPIreadStreamEtPhjbb
                0x080049f0       0x50 .pio/build/bluepill_f103c8/lib4ce/libRadioLib.a(Module.cpp.o)
                0x080049f0                Module::SPIreadStream(unsigned short, unsigned char*, unsigned int, bool, bool)
 .text._ZN6Module14SPIwriteStreamEPKhhS1_jbb
                0x08004a40       0x34 .pio/build/bluepill_f103c8/lib4ce/libRadioLib.a(Module.cpp.o)
                0x08004a40                Module::SPIwriteStream(unsigned char const*, unsigned char, unsigned char const*, unsigned int, bool, bool)
 .text._ZN6Module14SPIwriteStreamEtPKhjbb
                0x08004a74       0x50 .pio/build/bluepill_f103c8/lib4ce/libRadioLib.a(Module.cpp.o)
                0x08004a74                Module::SPIwriteStream(unsigned short, unsigned char const*, unsigned int, bool, bool)
 .text._ZN6Module14SPIcheckStreamEv
                0x08004ac4       0x66 .pio/build/bluepill_f103c8/lib4ce/libRadioLib.a(Module.cpp.o)
                0x08004ac4                Module::SPIcheckStream()
 .text._ZN6Module16setRfSwitchTableERA5_KmPKNS_14RfSwitchMode_tE
                0x08004b2a       0x34 .pio/build/bluepill_f103c8/lib4ce/libRadioLib.a(Module.cpp.o)
                0x08004b2a                Module::setRfSwitchTable(unsigned long const (&) [5], Module::RfSwitchMode_t const*)
 *fill*         0x08004b5e        0x2 
 .text._ZN6Module15setRfSwitchPinsEmm
                0x08004b60       0x48 .pio/build/bluepill_f103c8/lib4ce/libRadioLib.a(Module.cpp.o)
                0x08004b60                Module::setRfSwitchPins(unsigned long, unsigned long)
 .text._ZNK6Module16findRfSwitchModeEh
                0x08004ba8       0x16 .pio/build/bluepill_f103c8/lib4ce/libRadioLib.a(Module.cpp.o)
                0x08004ba8                Module::findRfSwitchMode(unsigned char) const
 .text._ZN6Module16setRfSwitchStateEh
                0x08004bbe       0x30 .pio/build/bluepill_f103c8/lib4ce/libRadioLib.a(Module.cpp.o)
                0x08004bbe                Module::setRfSwitchState(unsigned char)
 *fill*         0x08004bee        0x2 
 .text._ZN10ArduinoHal17delayMicrosecondsEm
                0x08004bf0       0x28 .pio/build/bluepill_f103c8/lib4ce/libRadioLib.a(ArduinoHal.cpp.o)
                0x08004bf0                ArduinoHal::delayMicroseconds(unsigned long)
 .text._ZN10ArduinoHal14pinToInterruptEm
                0x08004c18       0x4c .pio/build/bluepill_f103c8/lib4ce/libRadioLib.a(ArduinoHal.cpp.o)
                0x08004c18                ArduinoHal::pinToInterrupt(unsigned long)
 .text._ZN10ArduinoHalD2Ev
                0x08004c64        0x2 .pio/build/bluepill_f103c8/lib4ce/libRadioLib.a(ArduinoHal.cpp.o)
                0x08004c64                ArduinoHal::~ArduinoHal()
                0x08004c64                ArduinoHal::~ArduinoHal()
 .text._ZN10ArduinoHal4initEv
                0x08004c66       0x16 .pio/build/bluepill_f103c8/lib4ce/libRadioLib.a(ArduinoHal.cpp.o)
                0x08004c66                ArduinoHal::init()
 .text._ZN10ArduinoHal8spiBeginEv
                0x08004c7c        0x8 .pio/build/bluepill_f103c8/lib4ce/libRadioLib.a(ArduinoHal.cpp.o)
                0x08004c7c                ArduinoHal::spiBegin()
 .text._ZN10ArduinoHal6spiEndEv
                0x08004c84        0x6 .pio/build/bluepill_f103c8/lib4ce/libRadioLib.a(ArduinoHal.cpp.o)
                0x08004c84                ArduinoHal::spiEnd()
 .text._ZN10ArduinoHal11spiTransferEPhjS0_
                0x08004c8a       0x22 .pio/build/bluepill_f103c8/lib4ce/libRadioLib.a(ArduinoHal.cpp.o)
                0x08004c8a                ArduinoHal::spiTransfer(unsigned char*, unsigned int, unsigned char*)
 .text._ZN10ArduinoHal5yieldEv
                0x08004cac        0x4 .pio/build/bluepill_f103c8/lib4ce/libRadioLib.a(ArduinoHal.cpp.o)
                0x08004cac                ArduinoHal::yield()
 .text._ZN10ArduinoHal6noToneEm
                0x08004cb0       0x10 .pio/build/bluepill_f103c8/lib4ce/libRadioLib.a(ArduinoHal.cpp.o)
                0x08004cb0                ArduinoHal::noTone(unsigned long)
 .text._ZN10ArduinoHal4toneEmjm
                0x08004cc0       0x12 .pio/build/bluepill_f103c8/lib4ce/libRadioLib.a(ArduinoHal.cpp.o)
                0x08004cc0                ArduinoHal::tone(unsigned long, unsigned int, unsigned long)
 .text._ZN10ArduinoHal17spiEndTransactionEv
                0x08004cd2        0x6 .pio/build/bluepill_f103c8/lib4ce/libRadioLib.a(ArduinoHal.cpp.o)
                0x08004cd2                ArduinoHal::spiEndTransaction()
 .text._ZN10ArduinoHal19spiBeginTransactionEv
                0x08004cd8        0xa .pio/build/bluepill_f103c8/lib4ce/libRadioLib.a(ArduinoHal.cpp.o)
                0x08004cd8                ArduinoHal::spiBeginTransaction()
 .text._ZN10ArduinoHal7pulseInEmmm
                0x08004ce2       0x12 .pio/build/bluepill_f103c8/lib4ce/libRadioLib.a(ArduinoHal.cpp.o)
                0x08004ce2                ArduinoHal::pulseIn(unsigned long, unsigned long, unsigned long)
 .text._ZN10ArduinoHal6microsEv
                0x08004cf4        0x4 .pio/build/bluepill_f103c8/lib4ce/libRadioLib.a(ArduinoHal.cpp.o)
                0x08004cf4                ArduinoHal::micros()
 .text._ZN10ArduinoHal6millisEv
                0x08004cf8        0x4 .pio/build/bluepill_f103c8/lib4ce/libRadioLib.a(ArduinoHal.cpp.o)
                0x08004cf8                ArduinoHal::millis()
 .text._ZN10ArduinoHal5delayEm
                0x08004cfc        0x6 .pio/build/bluepill_f103c8/lib4ce/libRadioLib.a(ArduinoHal.cpp.o)
                0x08004cfc                ArduinoHal::delay(unsigned long)
 .text._ZN10ArduinoHal15detachInterruptEm
                0x08004d02        0xc .pio/build/bluepill_f103c8/lib4ce/libRadioLib.a(ArduinoHal.cpp.o)
                0x08004d02                ArduinoHal::detachInterrupt(unsigned long)
 *fill*         0x08004d0e        0x2 
 .text._ZN10ArduinoHal15attachInterruptEmPFvvEm
                0x08004d10       0x40 .pio/build/bluepill_f103c8/lib4ce/libRadioLib.a(ArduinoHal.cpp.o)
                0x08004d10                ArduinoHal::attachInterrupt(unsigned long, void (*)(), unsigned long)
 .text._ZN10ArduinoHal11digitalReadEm
                0x08004d50        0xe .pio/build/bluepill_f103c8/lib4ce/libRadioLib.a(ArduinoHal.cpp.o)
                0x08004d50                ArduinoHal::digitalRead(unsigned long)
 .text._ZN10ArduinoHal12digitalWriteEmm
                0x08004d5e        0xe .pio/build/bluepill_f103c8/lib4ce/libRadioLib.a(ArduinoHal.cpp.o)
                0x08004d5e                ArduinoHal::digitalWrite(unsigned long, unsigned long)
 .text._ZN10ArduinoHal7pinModeEmm
                0x08004d6c        0xe .pio/build/bluepill_f103c8/lib4ce/libRadioLib.a(ArduinoHal.cpp.o)
                0x08004d6c                ArduinoHal::pinMode(unsigned long, unsigned long)
 .text._ZN10ArduinoHalD0Ev
                0x08004d7a        0xe .pio/build/bluepill_f103c8/lib4ce/libRadioLib.a(ArduinoHal.cpp.o)
                0x08004d7a                ArduinoHal::~ArduinoHal()
 .text._ZN10ArduinoHal4termEv
                0x08004d88        0xe .pio/build/bluepill_f103c8/lib4ce/libRadioLib.a(ArduinoHal.cpp.o)
                0x08004d88                ArduinoHal::term()
 *fill*         0x08004d96        0x2 
 .text._ZN10ArduinoHalC2Ev
                0x08004d98       0x48 .pio/build/bluepill_f103c8/lib4ce/libRadioLib.a(ArduinoHal.cpp.o)
                0x08004d98                ArduinoHal::ArduinoHal()
                0x08004d98                ArduinoHal::ArduinoHal()
 .text._ZN6SX12625beginEffhhhatfb
                0x08004de0       0x64 .pio/build/bluepill_f103c8/lib4ce/libRadioLib.a(SX1262.cpp.o)
                0x08004de0                SX1262::begin(float, float, unsigned char, unsigned char, unsigned char, signed char, unsigned short, float, bool)
 .text._ZN6SX12628beginFSKEffffatfb
                0x08004e44       0x58 .pio/build/bluepill_f103c8/lib4ce/libRadioLib.a(SX1262.cpp.o)
                0x08004e44                SX1262::beginFSK(float, float, float, float, signed char, unsigned short, float, bool)
 .text._ZN6SX12629beginBPSKEffafb
                0x08004e9c       0x40 .pio/build/bluepill_f103c8/lib4ce/libRadioLib.a(SX1262.cpp.o)
                0x08004e9c                SX1262::beginBPSK(float, float, signed char, float, bool)
 .text._ZN6SX126211beginLRFHSSEfhhbafb
                0x08004edc       0x38 .pio/build/bluepill_f103c8/lib4ce/libRadioLib.a(SX1262.cpp.o)
                0x08004edc                SX1262::beginLRFHSS(float, unsigned char, unsigned char, bool, signed char, float, bool)
 .text._ZN6SX126216checkOutputPowerEaPa
                0x08004f14       0x26 .pio/build/bluepill_f103c8/lib4ce/libRadioLib.a(SX1262.cpp.o)
                0x08004f14                SX1262::checkOutputPower(signed char, signed char*)
 *fill*         0x08004f3a        0x2 
 .text._ZN6SX12628setModemE11ModemType_t
                0x08004f3c       0x9c .pio/build/bluepill_f103c8/lib4ce/libRadioLib.a(SX1262.cpp.o)
                0x08004f3c                SX1262::setModem(ModemType_t)
 .text._ZN6SX1262D2Ev
                0x08004fd8        0x2 .pio/build/bluepill_f103c8/lib4ce/libRadioLib.a(SX1262.cpp.o)
                0x08004fd8                SX1262::~SX1262()
                0x08004fd8                SX1262::~SX1262()
 .text._ZN6SX12625beginERK12ConfigLoRa_t
                0x08004fda       0x56 .pio/build/bluepill_f103c8/lib4ce/libRadioLib.a(SX1262.cpp.o)
                0x08004fda                SX1262::begin(ConfigLoRa_t const&)
 .text._ZN6SX12628beginFSKERK11ConfigFSK_t
                0x08005030       0x42 .pio/build/bluepill_f103c8/lib4ce/libRadioLib.a(SX1262.cpp.o)
                0x08005030                SX1262::beginFSK(ConfigFSK_t const&)
 .text._ZN6SX12629beginBPSKERK12ConfigBPSK_t
                0x08005072       0x36 .pio/build/bluepill_f103c8/lib4ce/libRadioLib.a(SX1262.cpp.o)
                0x08005072                SX1262::beginBPSK(ConfigBPSK_t const&)
 .text._ZN6SX126211beginLRFHSSERK14ConfigLRFHSS_t
                0x080050a8       0x3a .pio/build/bluepill_f103c8/lib4ce/libRadioLib.a(SX1262.cpp.o)
                0x080050a8                SX1262::beginLRFHSS(ConfigLRFHSS_t const&)
 .text._ZN6SX1262D0Ev
                0x080050e2       0x10 .pio/build/bluepill_f103c8/lib4ce/libRadioLib.a(SX1262.cpp.o)
                0x080050e2                SX1262::~SX1262()
 *fill*         0x080050f2        0x2 
 .text._ZN6SX1262C2EP6Module
                0x080050f4       0x20 .pio/build/bluepill_f103c8/lib4ce/libRadioLib.a(SX1262.cpp.o)
                0x080050f4                SX1262::SX1262(Module*)
                0x080050f4                SX1262::SX1262(Module*)
 .text._ZN6SX126212setFrequencyEfb
                0x08005114       0x64 .pio/build/bluepill_f103c8/lib4ce/libRadioLib.a(SX1262.cpp.o)
                0x08005114                SX1262::setFrequency(float, bool)
 .text._ZN6SX126212setFrequencyEf
                0x08005178        0x6 .pio/build/bluepill_f103c8/lib4ce/libRadioLib.a(SX1262.cpp.o)
                0x08005178                SX1262::setFrequency(float)
 *fill*         0x0800517e        0x2 
 .text._ZN6SX126214setOutputPowerEab
                0x08005180       0x48 .pio/build/bluepill_f103c8/lib4ce/libRadioLib.a(SX1262.cpp.o)
                0x08005180                SX1262::setOutputPower(signed char, bool)
 .text._ZN6SX126214setOutputPowerEa
                0x080051c8        0x6 .pio/build/bluepill_f103c8/lib4ce/libRadioLib.a(SX1262.cpp.o)
                0x080051c8                SX1262::setOutputPower(signed char)
 *fill*         0x080051ce        0x2 
 .text._ZN6SX126x11scanChannelEv
                0x080051d0       0x24 .pio/build/bluepill_f103c8/lib4ce/libRadioLib.a(SX126x.cpp.o)
                0x080051d0                SX126x::scanChannel()
 .text._ZN6SX126x12startReceiveEv
                0x080051f4       0x1a .pio/build/bluepill_f103c8/lib4ce/libRadioLib.a(SX126x.cpp.o)
                0x080051f4                SX126x::startReceive()
 *fill*         0x0800520e        0x2 
 .text._ZN6SX126x16startChannelScanEv
                0x08005210       0x24 .pio/build/bluepill_f103c8/lib4ce/libRadioLib.a(SX126x.cpp.o)
                0x08005210                SX126x::startChannelScan()
 .text._ZN6SX126x18calculateTimeOnAirE11ModemType_t10DataRate_t14PacketConfig_tj
                0x08005234      0x194 .pio/build/bluepill_f103c8/lib4ce/libRadioLib.a(SX126x.cpp.o)
                0x08005234                SX126x::calculateTimeOnAir(ModemType_t, DataRate_t, PacketConfig_t, unsigned int)
 .text._ZN6SX126x18calculateRxTimeoutEm
                0x080053c8       0x18 .pio/build/bluepill_f103c8/lib4ce/libRadioLib.a(SX126x.cpp.o)
                0x080053c8                SX126x::calculateRxTimeout(unsigned long)
 .text._ZN6SX126x13clearIrqFlagsEm
                0x080053e0        0xa .pio/build/bluepill_f103c8/lib4ce/libRadioLib.a(SX126x.cpp.o)
                0x080053e0                SX126x::clearIrqFlags(unsigned long)
 .text._ZN6SX126x15setDirectActionEPFvvE
                0x080053ea        0x8 .pio/build/bluepill_f103c8/lib4ce/libRadioLib.a(SX126x.cpp.o)
                0x080053ea                SX126x::setDirectAction(void (*)())
 .text._ZN6SX126x6getModEv
                0x080053f2        0x6 .pio/build/bluepill_f103c8/lib4ce/libRadioLib.a(SX126x.cpp.o)
                0x080053f2                SX126x::getMod()
 .text._ZN6SX126x14SPIparseStatusEh
                0x080053f8       0x38 .pio/build/bluepill_f103c8/lib4ce/libRadioLib.a(SX126x.cpp.o)
                0x080053f8                SX126x::SPIparseStatus(unsigned char)
 .text._ZN6SX126xD2Ev
                0x08005430        0x2 .pio/build/bluepill_f103c8/lib4ce/libRadioLib.a(SX126x.cpp.o)
                0x08005430                SX126x::~SX126x()
                0x08005430                SX126x::~SX126x()
 *fill*         0x08005432        0x2 
 .text._ZN6SX126x12getTimeOnAirEj
                0x08005434      0x138 .pio/build/bluepill_f103c8/lib4ce/libRadioLib.a(SX126x.cpp.o)
                0x08005434                SX126x::getTimeOnAir(unsigned int)
 .text._ZN6SX126x8getModemEP11ModemType_t
                0x0800556c       0x2a .pio/build/bluepill_f103c8/lib4ce/libRadioLib.a(SX126x.cpp.o)
                0x0800556c                SX126x::getModem(ModemType_t*)
 .text._ZN6SX126x13receiveDirectEv
                0x08005596       0x12 .pio/build/bluepill_f103c8/lib4ce/libRadioLib.a(SX126x.cpp.o)
                0x08005596                SX126x::receiveDirect()
 .text._ZN6SX126x14transmitDirectEm
                0x080055a8       0x3a .pio/build/bluepill_f103c8/lib4ce/libRadioLib.a(SX126x.cpp.o)
                0x080055a8                SX126x::transmitDirect(unsigned long)
 .text._ZN6SX126x11setIrqFlagsEm
                0x080055e2       0x14 .pio/build/bluepill_f103c8/lib4ce/libRadioLib.a(SX126x.cpp.o)
                0x080055e2                SX126x::setIrqFlags(unsigned long)
 .text._ZN6SX126x11getIrqFlagsEv
                0x080055f6       0x2a .pio/build/bluepill_f103c8/lib4ce/libRadioLib.a(SX126x.cpp.o)
                0x080055f6                SX126x::getIrqFlags()
 .text._ZN6SX126x10randomByteEv
                0x08005620       0xc8 .pio/build/bluepill_f103c8/lib4ce/libRadioLib.a(SX126x.cpp.o)
                0x08005620                SX126x::randomByte()
 .text._ZN6SX126x10launchModeEv
                0x080056e8       0x6e .pio/build/bluepill_f103c8/lib4ce/libRadioLib.a(SX126x.cpp.o)
                0x080056e8                SX126x::launchMode()
 .text._ZN6SX126x7readBitEm
                0x08005756       0x1c .pio/build/bluepill_f103c8/lib4ce/libRadioLib.a(SX126x.cpp.o)
                0x08005756                SX126x::readBit(unsigned long)
 .text._ZN6SX126xD0Ev
                0x08005772       0x10 .pio/build/bluepill_f103c8/lib4ce/libRadioLib.a(SX126x.cpp.o)
                0x08005772                SX126x::~SX126x()
 .text._ZN6SX126x14finishTransmitEv
                0x08005782       0x20 .pio/build/bluepill_f103c8/lib4ce/libRadioLib.a(SX126x.cpp.o)
                0x08005782                SX126x::finishTransmit()
 *fill*         0x080057a2        0x2 
 .text._ZN6SX126x20getChannelScanResultEv
                0x080057a4       0x38 .pio/build/bluepill_f103c8/lib4ce/libRadioLib.a(SX126x.cpp.o)
                0x080057a4                SX126x::getChannelScanResult()
 .text._ZN6SX126x16startChannelScanERK19ChannelScanConfig_t
                0x080057dc       0x7c .pio/build/bluepill_f103c8/lib4ce/libRadioLib.a(SX126x.cpp.o)
                0x080057dc                SX126x::startChannelScan(ChannelScanConfig_t const&)
 .text._ZN6SX126x6getSNREv
                0x08005858       0x40 .pio/build/bluepill_f103c8/lib4ce/libRadioLib.a(SX126x.cpp.o)
                0x08005858                SX126x::getSNR()
 .text._ZN6SX126x7receiveEPhjm
                0x08005898       0xf8 .pio/build/bluepill_f103c8/lib4ce/libRadioLib.a(SX126x.cpp.o)
                0x08005898                SX126x::receive(unsigned char*, unsigned int, unsigned long)
 .text._ZN6SX126x11scanChannelERK19ChannelScanConfig_t
                0x08005990       0x3c .pio/build/bluepill_f103c8/lib4ce/libRadioLib.a(SX126x.cpp.o)
                0x08005990                SX126x::scanChannel(ChannelScanConfig_t const&)
 .text._ZN6SX126xC2EP6Module
                0x080059cc       0xec .pio/build/bluepill_f103c8/lib4ce/libRadioLib.a(SX126x.cpp.o)
                0x080059cc                SX126x::SX126x(Module*)
                0x080059cc                SX126x::SX126x(Module*)
 .text._ZN6SX126x15setLrFhssConfigEhhht
                0x08005ab8       0x46 .pio/build/bluepill_f103c8/lib4ce/libRadioLib.a(SX126x.cpp.o)
                0x08005ab8                SX126x::setLrFhssConfig(unsigned char, unsigned char, unsigned char, unsigned short)
 .text._ZN6SX126x5resetEb
                0x08005afe       0x8a .pio/build/bluepill_f103c8/lib4ce/libRadioLib.a(SX126x.cpp.o)
                0x08005afe                SX126x::reset(bool)
 .text._ZN6SX126x9hopLRFHSSEv
                0x08005b88       0x38 .pio/build/bluepill_f103c8/lib4ce/libRadioLib.a(SX126x.cpp.o)
                0x08005b88                SX126x::hopLRFHSS()
 .text._ZN6SX126x8transmitEPKhjh
                0x08005bc0       0xe6 .pio/build/bluepill_f103c8/lib4ce/libRadioLib.a(SX126x.cpp.o)
                0x08005bc0                SX126x::transmit(unsigned char const*, unsigned int, unsigned char)
 *fill*         0x08005ca6        0x2 
 .text._ZN6SX126x7getRSSIEb
                0x08005ca8       0x50 .pio/build/bluepill_f103c8/lib4ce/libRadioLib.a(SX126x.cpp.o)
                0x08005ca8                SX126x::getRSSI(bool)
 .text._ZN6SX126x7getRSSIEv
                0x08005cf8        0x6 .pio/build/bluepill_f103c8/lib4ce/libRadioLib.a(SX126x.cpp.o)
                0x08005cf8                SX126x::getRSSI()
 .text._ZN6SX126x15getPacketLengthEbPh
                0x08005cfe       0x4a .pio/build/bluepill_f103c8/lib4ce/libRadioLib.a(SX126x.cpp.o)
                0x08005cfe                SX126x::getPacketLength(bool, unsigned char*)
 .text._ZN6SX126x8readDataEPhj
                0x08005d48       0xa0 .pio/build/bluepill_f103c8/lib4ce/libRadioLib.a(SX126x.cpp.o)
                0x08005d48                SX126x::readData(unsigned char*, unsigned int)
 .text._ZN6SX126x15getPacketLengthEb
                0x08005de8        0x6 .pio/build/bluepill_f103c8/lib4ce/libRadioLib.a(SX126x.cpp.o)
                0x08005de8                SX126x::getPacketLength(bool)
 .text._ZN6SX126x23calibrateImageRejectionEff
                0x08005dee       0x64 .pio/build/bluepill_f103c8/lib4ce/libRadioLib.a(SX126x.cpp.o)
                0x08005dee                SX126x::calibrateImageRejection(float, float)
 .text._ZN6SX126x14calibrateImageEf
                0x08005e52       0x8c .pio/build/bluepill_f103c8/lib4ce/libRadioLib.a(SX126x.cpp.o)
                0x08005e52                SX126x::calibrateImage(float)
 *fill*         0x08005ede        0x2 
 .text._ZN6SX126x14fixSensitivityEv
                0x08005ee0       0x68 .pio/build/bluepill_f103c8/lib4ce/libRadioLib.a(SX126x.cpp.o)
                0x08005ee0                SX126x::fixSensitivity()
 .text._ZN6SX126x9stageModeE15RadioModeType_tP17RadioModeConfig_t
                0x08005f48      0x2dc .pio/build/bluepill_f103c8/lib4ce/libRadioLib.a(SX126x.cpp.o)
                0x08005f48                SX126x::stageMode(RadioModeType_t, RadioModeConfig_t*)
 .text._ZN6SX126x13fixPaClampingEb
                0x08006224       0x48 .pio/build/bluepill_f103c8/lib4ce/libRadioLib.a(SX126x.cpp.o)
                0x08006224                SX126x::fixPaClamping(bool)
 .text._ZN6SX126x18fixImplicitTimeoutEv
                0x0800626c       0x6c .pio/build/bluepill_f103c8/lib4ce/libRadioLib.a(SX126x.cpp.o)
                0x0800626c                SX126x::fixImplicitTimeout()
 .text._ZN6SX126x13finishReceiveEv
                0x080062d8       0x28 .pio/build/bluepill_f103c8/lib4ce/libRadioLib.a(SX126x.cpp.o)
                0x080062d8                SX126x::finishReceive()
 .text._ZN6SX126x13fixInvertedIQEh
                0x08006300       0x44 .pio/build/bluepill_f103c8/lib4ce/libRadioLib.a(SX126x.cpp.o)
                0x08006300                SX126x::fixInvertedIQ(unsigned char)
 .text._ZN6SX126x7fixGFSKEv
                0x08006344      0x104 .pio/build/bluepill_f103c8/lib4ce/libRadioLib.a(SX126x.cpp.o)
                0x08006344                SX126x::fixGFSK()
 .text._ZN6SX126x8findChipEPKc
                0x08006448       0x5c .pio/build/bluepill_f103c8/lib4ce/libRadioLib.a(SX126x.cpp.o)
                0x08006448                SX126x::findChip(char const*)
 .text._ZN6SX126x8modSetupEh
                0x080064a4      0x100 .pio/build/bluepill_f103c8/lib4ce/libRadioLib.a(SX126x.cpp.o)
                0x080064a4                SX126x::modSetup(unsigned char)
 .text._ZN6SX126x5beginEhht
                0x080065a4       0xa8 .pio/build/bluepill_f103c8/lib4ce/libRadioLib.a(SX126x.cpp.o)
                0x080065a4                SX126x::begin(unsigned char, unsigned char, unsigned short)
 .text._ZN6SX126x8beginFSKEffft
                0x0800664c       0xe0 .pio/build/bluepill_f103c8/lib4ce/libRadioLib.a(SX126x.cpp.o)
                0x0800664c                SX126x::beginFSK(float, float, float, unsigned short)
 .text._ZN6SX126x9beginBPSKEf
                0x0800672c       0x28 .pio/build/bluepill_f103c8/lib4ce/libRadioLib.a(SX126x.cpp.o)
                0x0800672c                SX126x::beginBPSK(float)
 .text._ZN6SX126x11beginLRFHSSEhhb
                0x08006754       0x94 .pio/build/bluepill_f103c8/lib4ce/libRadioLib.a(SX126x.cpp.o)
                0x08006754                SX126x::beginLRFHSS(unsigned char, unsigned char, bool)
 .text._ZN6SX126x17buildLRFHSSPacketEPKhjPhPjS3_S3_
                0x080067e8      0x4f4 .pio/build/bluepill_f103c8/lib4ce/libRadioLib.a(SX126x_LR_FHSS.cpp.o)
                0x080067e8                SX126x::buildLRFHSSPacket(unsigned char const*, unsigned int, unsigned char*, unsigned int*, unsigned int*, unsigned int*)
 .text._ZN6SX126x11resetLRFHSSEv
                0x08006cdc      0x12c .pio/build/bluepill_f103c8/lib4ce/libRadioLib.a(SX126x_LR_FHSS.cpp.o)
                0x08006cdc                SX126x::resetLRFHSS()
 .text._ZN6SX126x10stepLRFHSSEv
                0x08006e08       0x34 .pio/build/bluepill_f103c8/lib4ce/libRadioLib.a(SX126x_LR_FHSS.cpp.o)
                0x08006e08                SX126x::stepLRFHSS()
 .text._ZN6SX126x12setLRFHSSHopEh
                0x08006e3c       0xfa .pio/build/bluepill_f103c8/lib4ce/libRadioLib.a(SX126x_LR_FHSS.cpp.o)
                0x08006e3c                SX126x::setLRFHSSHop(unsigned char)
 *fill*         0x08006f36        0x2 
 .text.startup._GLOBAL__sub_I__ZN6SX126x17buildLRFHSSPacketEPKhjPhPjS3_S3_
                0x08006f38        0xc .pio/build/bluepill_f103c8/lib4ce/libRadioLib.a(SX126x_LR_FHSS.cpp.o)
 .text._ZN6SX126x5sleepEb
                0x08006f44       0x44 .pio/build/bluepill_f103c8/lib4ce/libRadioLib.a(SX126x_commands.cpp.o)
                0x08006f44                SX126x::sleep(bool)
 .text._ZN6SX126x5sleepEv
                0x08006f88        0x6 .pio/build/bluepill_f103c8/lib4ce/libRadioLib.a(SX126x_commands.cpp.o)
                0x08006f88                SX126x::sleep()
 .text._ZN6SX126x7standbyEhb
                0x08006f8e       0x40 .pio/build/bluepill_f103c8/lib4ce/libRadioLib.a(SX126x_commands.cpp.o)
                0x08006f8e                SX126x::standby(unsigned char, bool)
 .text._ZN6SX126x7standbyEv
                0x08006fce        0xa .pio/build/bluepill_f103c8/lib4ce/libRadioLib.a(SX126x_commands.cpp.o)
                0x08006fce                SX126x::standby()
 .text._ZN6SX126x7standbyEh
                0x08006fd8        0x6 .pio/build/bluepill_f103c8/lib4ce/libRadioLib.a(SX126x_commands.cpp.o)
                0x08006fd8                SX126x::standby(unsigned char)
 .text._ZN6SX126x5setTxEm
                0x08006fde       0x2c .pio/build/bluepill_f103c8/lib4ce/libRadioLib.a(SX126x_commands.cpp.o)
                0x08006fde                SX126x::setTx(unsigned long)
 .text._ZN6SX126x5setRxEm
                0x0800700a       0x2e .pio/build/bluepill_f103c8/lib4ce/libRadioLib.a(SX126x_commands.cpp.o)
                0x0800700a                SX126x::setRx(unsigned long)
 .text._ZN6SX126x6setCadEhhhhm
                0x08007038       0x9c .pio/build/bluepill_f103c8/lib4ce/libRadioLib.a(SX126x_commands.cpp.o)
                0x08007038                SX126x::setCad(unsigned char, unsigned char, unsigned char, unsigned char, unsigned long)
 .text._ZN6SX126x11setPaConfigEhhhh
                0x080070d4       0x30 .pio/build/bluepill_f103c8/lib4ce/libRadioLib.a(SX126x_commands.cpp.o)
                0x080070d4                SX126x::setPaConfig(unsigned char, unsigned char, unsigned char, unsigned char)
 .text._ZN6SX126x13writeRegisterEtPKhh
                0x08007104        0xe .pio/build/bluepill_f103c8/lib4ce/libRadioLib.a(SX126x_commands.cpp.o)
                0x08007104                SX126x::writeRegister(unsigned short, unsigned char const*, unsigned char)
 .text._ZN6SX126x12readRegisterEtPhh
                0x08007112       0x1e .pio/build/bluepill_f103c8/lib4ce/libRadioLib.a(SX126x_commands.cpp.o)
                0x08007112                SX126x::readRegister(unsigned short, unsigned char*, unsigned char)
 .text._ZN6SX126x11writeBufferEPKhhh
                0x08007130       0x28 .pio/build/bluepill_f103c8/lib4ce/libRadioLib.a(SX126x_commands.cpp.o)
                0x08007130                SX126x::writeBuffer(unsigned char const*, unsigned char, unsigned char)
 .text._ZN6SX126x10readBufferEPhhh
                0x08007158       0x28 .pio/build/bluepill_f103c8/lib4ce/libRadioLib.a(SX126x_commands.cpp.o)
                0x08007158                SX126x::readBuffer(unsigned char*, unsigned char, unsigned char)
 .text._ZN6SX126x15setDioIrqParamsEtttt
                0x08007180       0x3a .pio/build/bluepill_f103c8/lib4ce/libRadioLib.a(SX126x_commands.cpp.o)
                0x08007180                SX126x::setDioIrqParams(unsigned short, unsigned short, unsigned short, unsigned short)
 .text._ZN6SX126x14clearIrqStatusEt
                0x080071ba       0x22 .pio/build/bluepill_f103c8/lib4ce/libRadioLib.a(SX126x_commands.cpp.o)
                0x080071ba                SX126x::clearIrqStatus(unsigned short)
 .text._ZN6SX126x14setRfFrequencyEm
                0x080071dc       0x20 .pio/build/bluepill_f103c8/lib4ce/libRadioLib.a(SX126x_commands.cpp.o)
                0x080071dc                SX126x::setRfFrequency(unsigned long)
 .text._ZN6SX126x14calibrateImageEPKh
                0x080071fc       0x1c .pio/build/bluepill_f103c8/lib4ce/libRadioLib.a(SX126x_commands.cpp.o)
                0x080071fc                SX126x::calibrateImage(unsigned char const*)
 .text._ZN6SX126x13getPacketTypeEv
                0x08007218       0x26 .pio/build/bluepill_f103c8/lib4ce/libRadioLib.a(SX126x_commands.cpp.o)
                0x08007218                SX126x::getPacketType()
 .text._ZN6SX126x11setTxParamsEhh
                0x0800723e       0x2e .pio/build/bluepill_f103c8/lib4ce/libRadioLib.a(SX126x_commands.cpp.o)
                0x0800723e                SX126x::setTxParams(unsigned char, unsigned char)
 .text._ZN6SX126x19setModulationParamsEhhhh
                0x0800726c       0x70 .pio/build/bluepill_f103c8/lib4ce/libRadioLib.a(SX126x_commands.cpp.o)
                0x0800726c                SX126x::setModulationParams(unsigned char, unsigned char, unsigned char, unsigned char)
 .text._ZN6SX126x22setModulationParamsFSKEmhhm
                0x080072dc       0x44 .pio/build/bluepill_f103c8/lib4ce/libRadioLib.a(SX126x_commands.cpp.o)
                0x080072dc                SX126x::setModulationParamsFSK(unsigned long, unsigned char, unsigned char, unsigned long)
 .text._ZN6SX126x23setModulationParamsBPSKEmh
                0x08007320       0x30 .pio/build/bluepill_f103c8/lib4ce/libRadioLib.a(SX126x_commands.cpp.o)
                0x08007320                SX126x::setModulationParamsBPSK(unsigned long, unsigned char)
 .text._ZN6SX126x15setPacketParamsEthhhh
                0x08007350       0x4c .pio/build/bluepill_f103c8/lib4ce/libRadioLib.a(SX126x_commands.cpp.o)
                0x08007350                SX126x::setPacketParams(unsigned short, unsigned char, unsigned char, unsigned char, unsigned char)
 .text._ZN6SX126x18setPacketParamsFSKEthhhhhhh
                0x0800739c       0x52 .pio/build/bluepill_f103c8/lib4ce/libRadioLib.a(SX126x_commands.cpp.o)
                0x0800739c                SX126x::setPacketParamsFSK(unsigned short, unsigned char, unsigned char, unsigned char, unsigned char, unsigned char, unsigned char, unsigned char)
 .text._ZN6SX126x19setPacketParamsBPSKEhttt
                0x080073ee       0x58 .pio/build/bluepill_f103c8/lib4ce/libRadioLib.a(SX126x_commands.cpp.o)
                0x080073ee                SX126x::setPacketParamsBPSK(unsigned char, unsigned short, unsigned short, unsigned short)
 .text._ZN6SX126x20setBufferBaseAddressEhh
                0x08007446       0x24 .pio/build/bluepill_f103c8/lib4ce/libRadioLib.a(SX126x_commands.cpp.o)
                0x08007446                SX126x::setBufferBaseAddress(unsigned char, unsigned char)
 .text._ZN6SX126x16setRegulatorModeEh
                0x0800746a       0x1e .pio/build/bluepill_f103c8/lib4ce/libRadioLib.a(SX126x_commands.cpp.o)
                0x0800746a                SX126x::setRegulatorMode(unsigned char)
 .text._ZN6SX126x15getPacketStatusEv
                0x08007488       0x44 .pio/build/bluepill_f103c8/lib4ce/libRadioLib.a(SX126x_commands.cpp.o)
                0x08007488                SX126x::getPacketStatus()
 .text._ZN6SX126x15getDeviceErrorsEv
                0x080074cc       0x2a .pio/build/bluepill_f103c8/lib4ce/libRadioLib.a(SX126x_commands.cpp.o)
                0x080074cc                SX126x::getDeviceErrors()
 .text._ZN6SX126x17clearDeviceErrorsEv
                0x080074f6       0x22 .pio/build/bluepill_f103c8/lib4ce/libRadioLib.a(SX126x_commands.cpp.o)
                0x080074f6                SX126x::clearDeviceErrors()
 .text._ZN6SX126x13setDio1ActionEPFvvE
                0x08007518       0x30 .pio/build/bluepill_f103c8/lib4ce/libRadioLib.a(SX126x_config.cpp.o)
                0x08007518                SX126x::setDio1Action(void (*)())
 .text._ZN6SX126x15clearDio1ActionEv
                0x08007548       0x20 .pio/build/bluepill_f103c8/lib4ce/libRadioLib.a(SX126x_config.cpp.o)
                0x08007548                SX126x::clearDio1Action()
 .text._ZN6SX126x23setPacketReceivedActionEPFvvE
                0x08007568        0x8 .pio/build/bluepill_f103c8/lib4ce/libRadioLib.a(SX126x_config.cpp.o)
                0x08007568                SX126x::setPacketSentAction(void (*)())
                0x08007568                SX126x::setPacketReceivedAction(void (*)())
                0x08007568                SX126x::setChannelScanAction(void (*)())
 .text._ZN6SX126x25clearPacketReceivedActionEv
                0x08007570        0x8 .pio/build/bluepill_f103c8/lib4ce/libRadioLib.a(SX126x_config.cpp.o)
                0x08007570                SX126x::clearChannelScanAction()
                0x08007570                SX126x::clearPacketReceivedAction()
                0x08007570                SX126x::clearPacketSentAction()
 .text._ZN6SX126x12setBandwidthEf
                0x08007578       0xcc .pio/build/bluepill_f103c8/lib4ce/libRadioLib.a(SX126x_config.cpp.o)
                0x08007578                SX126x::setBandwidth(float)
 .text._ZN6SX126x18setSpreadingFactorEh
                0x08007644       0x3e .pio/build/bluepill_f103c8/lib4ce/libRadioLib.a(SX126x_config.cpp.o)
                0x08007644                SX126x::setSpreadingFactor(unsigned char)
 .text._ZN6SX126x13setCodingRateEhb
                0x08007682       0x5a .pio/build/bluepill_f103c8/lib4ce/libRadioLib.a(SX126x_config.cpp.o)
                0x08007682                SX126x::setCodingRate(unsigned char, bool)
 .text._ZN6SX126x11setSyncWordEhh
                0x080076dc       0x40 .pio/build/bluepill_f103c8/lib4ce/libRadioLib.a(SX126x_config.cpp.o)
                0x080076dc                SX126x::setSyncWord(unsigned char, unsigned char)
 .text._ZN6SX126x15setCurrentLimitEf
                0x0800771c       0x4c .pio/build/bluepill_f103c8/lib4ce/libRadioLib.a(SX126x_config.cpp.o)
                0x0800771c                SX126x::setCurrentLimit(float)
 .text._ZN6SX126x17setPreambleLengthEj
                0x08007768       0x9c .pio/build/bluepill_f103c8/lib4ce/libRadioLib.a(SX126x_config.cpp.o)
                0x08007768                SX126x::setPreambleLength(unsigned int)
 .text._ZN6SX126x21setFrequencyDeviationEf
                0x08007804       0x80 .pio/build/bluepill_f103c8/lib4ce/libRadioLib.a(SX126x_config.cpp.o)
                0x08007804                SX126x::setFrequencyDeviation(float)
 .text._ZN6SX126x10setBitRateEf
                0x08007884       0xcc .pio/build/bluepill_f103c8/lib4ce/libRadioLib.a(SX126x_config.cpp.o)
                0x08007884                SX126x::setBitRate(float)
 .text._ZN6SX126x11setDataRateE10DataRate_t11ModemType_t
                0x08007950       0xce .pio/build/bluepill_f103c8/lib4ce/libRadioLib.a(SX126x_config.cpp.o)
                0x08007950                SX126x::setDataRate(DataRate_t, ModemType_t)
 *fill*         0x08007a1e        0x2 
 .text._ZN6SX126x13checkDataRateE10DataRate_t11ModemType_t
                0x08007a20       0xc0 .pio/build/bluepill_f103c8/lib4ce/libRadioLib.a(SX126x_config.cpp.o)
                0x08007a20                SX126x::checkDataRate(DataRate_t, ModemType_t)
 .text._ZN6SX126x8findRxBwEfPKhjfPh
                0x08007ae0       0x80 .pio/build/bluepill_f103c8/lib4ce/libRadioLib.a(SX126x_config.cpp.o)
                0x08007ae0                SX126x::findRxBw(float, unsigned char const*, unsigned int, float, unsigned char*)
 .text._ZN6SX126x14setRxBandwidthEf
                0x08007b60       0x70 .pio/build/bluepill_f103c8/lib4ce/libRadioLib.a(SX126x_config.cpp.o)
                0x08007b60                SX126x::setRxBandwidth(float)
 .text._ZN6SX126x14setDataShapingEh
                0x08007bd0       0x56 .pio/build/bluepill_f103c8/lib4ce/libRadioLib.a(SX126x_config.cpp.o)
                0x08007bd0                SX126x::setDataShaping(unsigned char)
 .text._ZN6SX126x11setSyncWordEPhj
                0x08007c26       0xbe .pio/build/bluepill_f103c8/lib4ce/libRadioLib.a(SX126x_config.cpp.o)
                0x08007c26                SX126x::setSyncWord(unsigned char*, unsigned int)
 .text._ZN6SX126x6setCRCEhttb
                0x08007ce4       0xe0 .pio/build/bluepill_f103c8/lib4ce/libRadioLib.a(SX126x_config.cpp.o)
                0x08007ce4                SX126x::setCRC(unsigned char, unsigned short, unsigned short, bool)
 .text._ZN6SX126x12setWhiteningEbt
                0x08007dc4       0xbc .pio/build/bluepill_f103c8/lib4ce/libRadioLib.a(SX126x_config.cpp.o)
                0x08007dc4                SX126x::setWhitening(bool, unsigned short)
 .text._ZN6SX126x15setRegulatorLDOEv
                0x08007e80        0x6 .pio/build/bluepill_f103c8/lib4ce/libRadioLib.a(SX126x_config.cpp.o)
                0x08007e80                SX126x::setRegulatorLDO()
 .text._ZN6SX126x16setRegulatorDCDCEv
                0x08007e86        0x6 .pio/build/bluepill_f103c8/lib4ce/libRadioLib.a(SX126x_config.cpp.o)
                0x08007e86                SX126x::setRegulatorDCDC()
 .text._ZN6SX126x11setEncodingEh
                0x08007e8c        0xe .pio/build/bluepill_f103c8/lib4ce/libRadioLib.a(SX126x_config.cpp.o)
                0x08007e8c                SX126x::setEncoding(unsigned char)
 .text._ZN6SX126x15setRfSwitchPinsEmm
                0x08007e9a        0x8 .pio/build/bluepill_f103c8/lib4ce/libRadioLib.a(SX126x_config.cpp.o)
                0x08007e9a                SX126x::setRfSwitchPins(unsigned long, unsigned long)
 .text._ZN6SX126x8invertIQEb
                0x08007ea2       0x36 .pio/build/bluepill_f103c8/lib4ce/libRadioLib.a(SX126x_config.cpp.o)
                0x08007ea2                SX126x::invertIQ(bool)
 .text._ZN6SX126x7setTCXOEfm
                0x08007ed8      0x174 .pio/build/bluepill_f103c8/lib4ce/libRadioLib.a(SX126x_config.cpp.o)
                0x08007ed8                SX126x::setTCXO(float, unsigned long)
 .text._ZN6SX126x17setDio2AsRfSwitchEb
                0x0800804c       0x24 .pio/build/bluepill_f103c8/lib4ce/libRadioLib.a(SX126x_config.cpp.o)
                0x0800804c                SX126x::setDio2AsRfSwitch(bool)
 .text._ZN6SX126x14setOutputPowerEahhh
                0x08008070       0x5c .pio/build/bluepill_f103c8/lib4ce/libRadioLib.a(SX126x_config.cpp.o)
                0x08008070                SX126x::setOutputPower(signed char, unsigned char, unsigned char, unsigned char)
 .text._ZN6SX126x13setPacketModeEhh
                0x080080cc       0x48 .pio/build/bluepill_f103c8/lib4ce/libRadioLib.a(SX126x_config.cpp.o)
                0x080080cc                SX126x::setPacketMode(unsigned char, unsigned char)
 .text._ZN6SX126x24variablePacketLengthModeEh
                0x08008114        0x8 .pio/build/bluepill_f103c8/lib4ce/libRadioLib.a(SX126x_config.cpp.o)
                0x08008114                SX126x::variablePacketLengthMode(unsigned char)
 .text._ZN6SX126x15setFrequencyRawEf
                0x0800811c       0x2a .pio/build/bluepill_f103c8/lib4ce/libRadioLib.a(SX126x_config.cpp.o)
                0x0800811c                SX126x::setFrequencyRaw(float)
 .text._ZN6SX126x6configEh
                0x08008146      0x10c .pio/build/bluepill_f103c8/lib4ce/libRadioLib.a(SX126x_config.cpp.o)
                0x08008146                SX126x::config(unsigned char)
 .text._ZN13PhysicalLayer8transmitEPKhjh
                0x08008252        0x6 .pio/build/bluepill_f103c8/lib4ce/libRadioLib.a(PhysicalLayer.cpp.o)
                0x08008252                PhysicalLayer::transmit(unsigned char const*, unsigned int, unsigned char)
 .text._ZN13PhysicalLayer7receiveEPhjm
                0x08008258        0x6 .pio/build/bluepill_f103c8/lib4ce/libRadioLib.a(PhysicalLayer.cpp.o)
                0x08008258                PhysicalLayer::receive(unsigned char*, unsigned int, unsigned long)
 .text._ZN13PhysicalLayer5sleepEv
                0x0800825e        0x6 .pio/build/bluepill_f103c8/lib4ce/libRadioLib.a(PhysicalLayer.cpp.o)
                0x0800825e                PhysicalLayer::startChannelScan()
                0x0800825e                PhysicalLayer::startReceive()
                0x0800825e                PhysicalLayer::receiveDirect()
                0x0800825e                PhysicalLayer::finishReceive()
                0x0800825e                PhysicalLayer::sleep()
                0x0800825e                PhysicalLayer::scanChannel()
                0x0800825e                PhysicalLayer::getChannelScanResult()
                0x0800825e                PhysicalLayer::finishTransmit()
                0x0800825e                PhysicalLayer::launchMode()
 .text._ZN13PhysicalLayer7standbyEv
                0x08008264        0x8 .pio/build/bluepill_f103c8/lib4ce/libRadioLib.a(PhysicalLayer.cpp.o)
                0x08008264                PhysicalLayer::standby()
 .text._ZN13PhysicalLayer7standbyEh
                0x0800826c        0x6 .pio/build/bluepill_f103c8/lib4ce/libRadioLib.a(PhysicalLayer.cpp.o)
                0x0800826c                PhysicalLayer::setDataShaping(unsigned char)
                0x0800826c                PhysicalLayer::standby(unsigned char)
                0x0800826c                PhysicalLayer::setEncoding(unsigned char)
                0x0800826c                PhysicalLayer::setModem(ModemType_t)
 .text._ZN13PhysicalLayer8readDataEPhj
                0x08008272        0x6 .pio/build/bluepill_f103c8/lib4ce/libRadioLib.a(PhysicalLayer.cpp.o)
                0x08008272                PhysicalLayer::readData(unsigned char*, unsigned int)
                0x08008272                PhysicalLayer::setSyncWord(unsigned char*, unsigned int)
 .text._ZN13PhysicalLayer14transmitDirectEm
                0x08008278        0x6 .pio/build/bluepill_f103c8/lib4ce/libRadioLib.a(PhysicalLayer.cpp.o)
                0x08008278                PhysicalLayer::transmitDirect(unsigned long)
                0x08008278                PhysicalLayer::setIrqFlags(unsigned long)
                0x08008278                PhysicalLayer::setPreambleLength(unsigned int)
                0x08008278                PhysicalLayer::clearIrqFlags(unsigned long)
 .text._ZN13PhysicalLayer12setFrequencyEf
                0x0800827e        0x6 .pio/build/bluepill_f103c8/lib4ce/libRadioLib.a(PhysicalLayer.cpp.o)
                0x0800827e                PhysicalLayer::setFrequencyDeviation(float)
                0x0800827e                PhysicalLayer::setFrequency(float)
                0x0800827e                PhysicalLayer::setBitRate(float)
 .text._ZN13PhysicalLayer8invertIQEb
                0x08008284        0x6 .pio/build/bluepill_f103c8/lib4ce/libRadioLib.a(PhysicalLayer.cpp.o)
                0x08008284                PhysicalLayer::invertIQ(bool)
 .text._ZN13PhysicalLayer14setOutputPowerEa
                0x0800828a        0x6 .pio/build/bluepill_f103c8/lib4ce/libRadioLib.a(PhysicalLayer.cpp.o)
                0x0800828a                PhysicalLayer::setOutputPower(signed char)
 .text._ZN13PhysicalLayer16checkOutputPowerEaPa
                0x08008290        0x6 .pio/build/bluepill_f103c8/lib4ce/libRadioLib.a(PhysicalLayer.cpp.o)
                0x08008290                PhysicalLayer::checkOutputPower(signed char, signed char*)
 .text._ZN13PhysicalLayer11setDataRateE10DataRate_t11ModemType_t
                0x08008296       0x10 .pio/build/bluepill_f103c8/lib4ce/libRadioLib.a(PhysicalLayer.cpp.o)
                0x08008296                PhysicalLayer::checkDataRate(DataRate_t, ModemType_t)
                0x08008296                PhysicalLayer::setDataRate(DataRate_t, ModemType_t)
 .text._ZN13PhysicalLayer15getPacketLengthEb
                0x080082a6        0x4 .pio/build/bluepill_f103c8/lib4ce/libRadioLib.a(PhysicalLayer.cpp.o)
                0x080082a6                PhysicalLayer::getPacketLength(bool)
 *fill*         0x080082aa        0x2 
 .text._ZN13PhysicalLayer7getRSSIEv
                0x080082ac        0x8 .pio/build/bluepill_f103c8/lib4ce/libRadioLib.a(PhysicalLayer.cpp.o)
                0x080082ac                PhysicalLayer::getSNR()
                0x080082ac                PhysicalLayer::getRSSI()
 .text._ZN13PhysicalLayer18calculateTimeOnAirE11ModemType_t10DataRate_t14PacketConfig_tj
                0x080082b4        0xc .pio/build/bluepill_f103c8/lib4ce/libRadioLib.a(PhysicalLayer.cpp.o)
                0x080082b4                PhysicalLayer::calculateTimeOnAir(ModemType_t, DataRate_t, PacketConfig_t, unsigned int)
 .text._ZN13PhysicalLayer12getTimeOnAirEj
                0x080082c0        0x4 .pio/build/bluepill_f103c8/lib4ce/libRadioLib.a(PhysicalLayer.cpp.o)
                0x080082c0                PhysicalLayer::calculateRxTimeout(unsigned long)
                0x080082c0                PhysicalLayer::getTimeOnAir(unsigned int)
 .text._ZN13PhysicalLayer11getIrqFlagsEv
                0x080082c4        0x6 .pio/build/bluepill_f103c8/lib4ce/libRadioLib.a(PhysicalLayer.cpp.o)
                0x080082c4                PhysicalLayer::getIrqFlags()
 .text._ZN13PhysicalLayer16startChannelScanERK19ChannelScanConfig_t
                0x080082ca        0x6 .pio/build/bluepill_f103c8/lib4ce/libRadioLib.a(PhysicalLayer.cpp.o)
                0x080082ca                PhysicalLayer::getModem(ModemType_t*)
                0x080082ca                PhysicalLayer::scanChannel(ChannelScanConfig_t const&)
                0x080082ca                PhysicalLayer::startChannelScan(ChannelScanConfig_t const&)
 .text._ZN13PhysicalLayer10randomByteEv
                0x080082d0        0x4 .pio/build/bluepill_f103c8/lib4ce/libRadioLib.a(PhysicalLayer.cpp.o)
                0x080082d0                PhysicalLayer::randomByte()
 .text._ZN13PhysicalLayer15setDirectActionEPFvvE
                0x080082d4        0x2 .pio/build/bluepill_f103c8/lib4ce/libRadioLib.a(PhysicalLayer.cpp.o)
                0x080082d4                PhysicalLayer::setDirectAction(void (*)())
                0x080082d4                PhysicalLayer::setChannelScanAction(void (*)())
                0x080082d4                PhysicalLayer::setPacketReceivedAction(void (*)())
                0x080082d4                PhysicalLayer::setPacketSentAction(void (*)())
 .text._ZN13PhysicalLayer7readBitEm
                0x080082d6        0x2 .pio/build/bluepill_f103c8/lib4ce/libRadioLib.a(PhysicalLayer.cpp.o)
                0x080082d6                PhysicalLayer::readBit(unsigned long)
 .text._ZN13PhysicalLayer25clearPacketReceivedActionEv
                0x080082d8        0x2 .pio/build/bluepill_f103c8/lib4ce/libRadioLib.a(PhysicalLayer.cpp.o)
                0x080082d8                PhysicalLayer::clearPacketReceivedAction()
                0x080082d8                PhysicalLayer::clearChannelScanAction()
                0x080082d8                PhysicalLayer::clearPacketSentAction()
 .text._ZN13PhysicalLayer9stageModeE15RadioModeType_tP17RadioModeConfig_t
                0x080082da        0x6 .pio/build/bluepill_f103c8/lib4ce/libRadioLib.a(PhysicalLayer.cpp.o)
                0x080082da                PhysicalLayer::stageMode(RadioModeType_t, RadioModeConfig_t*)
 .text._ZN13PhysicalLayer13startTransmitEPKhjh
                0x080082e0       0x30 .pio/build/bluepill_f103c8/lib4ce/libRadioLib.a(PhysicalLayer.cpp.o)
                0x080082e0                PhysicalLayer::startTransmit(unsigned char const*, unsigned int, unsigned char)
 .text._ZN13PhysicalLayer12startReceiveEmmmj
                0x08008310       0x2a .pio/build/bluepill_f103c8/lib4ce/libRadioLib.a(PhysicalLayer.cpp.o)
                0x08008310                PhysicalLayer::startReceive(unsigned long, unsigned long, unsigned long, unsigned int)
 *fill*         0x0800833a        0x2 
 .text._ZN13PhysicalLayerC2Ev
                0x0800833c       0x48 .pio/build/bluepill_f103c8/lib4ce/libRadioLib.a(PhysicalLayer.cpp.o)
                0x0800833c                PhysicalLayer::PhysicalLayer()
                0x0800833c                PhysicalLayer::PhysicalLayer()
 .text._ZN13PhysicalLayer12getIrqMappedEm
                0x08008384       0x26 .pio/build/bluepill_f103c8/lib4ce/libRadioLib.a(PhysicalLayer.cpp.o)
                0x08008384                PhysicalLayer::getIrqMapped(unsigned long)
 .text._ZN13PhysicalLayer8checkIrqE17RadioLibIrqType_t
                0x080083aa       0x2a .pio/build/bluepill_f103c8/lib4ce/libRadioLib.a(PhysicalLayer.cpp.o)
                0x080083aa                PhysicalLayer::checkIrq(RadioLibIrqType_t)
 .text._ZN13PhysicalLayer8clearIrqEm
                0x080083d4       0x1a .pio/build/bluepill_f103c8/lib4ce/libRadioLib.a(PhysicalLayer.cpp.o)
                0x080083d4                PhysicalLayer::clearIrq(unsigned long)
 .text._ZN13PhysicalLayer18updateDirectBufferEh
                0x080083ee       0x7c .pio/build/bluepill_f103c8/lib4ce/libRadioLib.a(PhysicalLayer.cpp.o)
                0x080083ee                PhysicalLayer::updateDirectBuffer(unsigned char)
 .text._ZN11RadioLibCRCC2Ev
                0x0800846a       0x10 .pio/build/bluepill_f103c8/lib4ce/libRadioLib.a(CRC.cpp.o)
                0x0800846a                RadioLibCRC::RadioLibCRC()
                0x0800846a                RadioLibCRC::RadioLibCRC()
 .text._ZN11RadioLibCRC8checksumEPKhj
                0x0800847a       0x72 .pio/build/bluepill_f103c8/lib4ce/libRadioLib.a(CRC.cpp.o)
                0x0800847a                RadioLibCRC::checksum(unsigned char const*, unsigned int)
 .text.startup._GLOBAL__sub_I__ZN11RadioLibCRCC2Ev
                0x080084ec        0xc .pio/build/bluepill_f103c8/lib4ce/libRadioLib.a(CRC.cpp.o)
 .text._ZN16RadioLibConvCodeC2Ev
                0x080084f8        0x8 .pio/build/bluepill_f103c8/lib4ce/libRadioLib.a(ConvCode.cpp.o)
                0x080084f8                RadioLibConvCode::RadioLibConvCode()
                0x080084f8                RadioLibConvCode::RadioLibConvCode()
 .text._ZN16RadioLibConvCode5beginEh
                0x08008500        0x8 .pio/build/bluepill_f103c8/lib4ce/libRadioLib.a(ConvCode.cpp.o)
                0x08008500                RadioLibConvCode::begin(unsigned char)
 .text._ZN16RadioLibConvCode6encodeEPKhjPhPj
                0x08008508       0xf4 .pio/build/bluepill_f103c8/lib4ce/libRadioLib.a(ConvCode.cpp.o)
                0x08008508                RadioLibConvCode::encode(unsigned char const*, unsigned int, unsigned char*, unsigned int*)
 .text._Z11rlb_reflectmh
                0x080085fc       0x26 .pio/build/bluepill_f103c8/lib4ce/libRadioLib.a(Utils.cpp.o)
                0x080085fc                rlb_reflect(unsigned long, unsigned char)